2026-10-07T00:50:51.508496Z WARN  info    Event 2024-05-10 not found for data source INTERMAG. Skipping...
2026-10-07T00:50:51.618798Z INFO  info Reading HAPI INTERMAG site information
2026-10-07T00:53:40.205164Z INFO  info    Adding sites for event 2024-05-10 from data source INTERMAG to info.csv.
2026-10-07T00:53:42.044623Z INFO  info Reading HAPI INTERMAG site information
2026-10-07T00:55:28.757404Z INFO  info    Saving info to C:\Users\lwilker\Documents\GitHub\SWERVE\info\intermag_config\info.csv
2026-10-07T00:55:28.797702Z INFO  info Reading C:\Users\lwilker\Documents\GitHub\SWERVE\info\intermag_config\info.csv
2026-10-07T00:55:38.344955Z INFO  info Adding interpolated OTT beta and log10 beta columns to extended info_df
2026-10-07T00:55:38.346238Z INFO  info   Reading C:\Users\lwilker\Documents\GitHub\SWERVE-common\pulkkinen\waveforms_All.mat
2026-10-07T00:55:39.755141Z WARN  info     Warning: Could not interpolate beta for site VOS at (-78.464,106.835)
2026-10-07T00:55:39.758693Z WARN  info     Warning: Could not interpolate beta for site SBA at (-77.82900000000001,166.671)
2026-10-07T00:55:39.758693Z WARN  info     Warning: Could not interpolate beta for site VNA at (-70.68299999999999,351.718)
2026-10-07T00:55:39.758693Z WARN  info     Warning: Could not interpolate beta for site MAW at (-67.6,62.88)
2026-10-07T00:55:39.758693Z WARN  info     Warning: Could not interpolate beta for site CSY at (-66.28299999999999,110.533)
2026-10-07T00:55:39.760432Z WARN  info     Warning: Could not interpolate beta for site AIA at (-65.245,295.742)
2026-10-07T00:55:39.760432Z WARN  info     Warning: Could not interpolate beta for site ORC at (-60.737,315.263)
2026-10-07T00:55:39.760432Z WARN  info     Warning: Could not interpolate beta for site MCQ at (-54.5,158.95)
2026-10-07T00:55:39.760432Z WARN  info     Warning: Could not interpolate beta for site KEP at (-54.28200000000001,323.507)
2026-10-07T00:55:39.760432Z WARN  info     Warning: Could not interpolate beta for site PST at (-51.69999999999999,302.11)
2026-10-07T00:55:39.764078Z WARN  info     Warning: Could not interpolate beta for site EYR at (-43.47399999999999,172.393)
2026-10-07T00:55:39.765854Z WARN  info     Warning: Could not interpolate beta for site TDC at (-37.06699999999999,347.684)
2026-10-07T00:55:39.765854Z WARN  info     Warning: Could not interpolate beta for site CNB at (-35.31999999999999,149.36)
2026-10-07T00:55:39.768135Z WARN  info     Warning: Could not interpolate beta for site HER at (-34.43000000000001,19.23)
2026-10-07T00:55:39.768135Z WARN  info     Warning: Could not interpolate beta for site PIL at (-31.667,296.119)
2026-10-07T00:55:39.768135Z WARN  info     Warning: Could not interpolate beta for site GNG at (-31.355999999999995,115.715)
2026-10-07T00:55:39.768135Z WARN  info     Warning: Could not interpolate beta for site IPM at (-27.171000000000006,250.58)
2026-10-07T00:55:39.770147Z WARN  info     Warning: Could not interpolate beta for site KMH at (-26.540000000000006,18.11)
2026-10-07T00:55:39.770147Z WARN  info     Warning: Could not interpolate beta for site HBK at (-25.879999999999995,27.71)
2026-10-07T00:55:39.772155Z WARN  info     Warning: Could not interpolate beta for site ASP at (-23.762,133.883)
2026-10-07T00:55:39.772155Z WARN  info     Warning: Could not interpolate beta for site VSS at (-22.40000000000001,316.35)
2026-10-07T00:55:39.772155Z WARN  info     Warning: Could not interpolate beta for site LRM at (-22.22,114.1)
2026-10-07T00:55:39.772155Z WARN  info     Warning: Could not interpolate beta for site REU at (-21.206000000000003,55.576)
2026-10-07T00:55:39.774163Z WARN  info     Warning: Could not interpolate beta for site CTA at (-20.090000000000003,146.264)
2026-10-07T00:55:39.774524Z WARN  info     Warning: Could not interpolate beta for site TSU at (-19.202,17.584)
2026-10-07T00:55:39.775073Z WARN  info     Warning: Could not interpolate beta for site PPT at (-17.566999999999993,210.426)
2026-10-07T00:55:39.777360Z WARN  info     Warning: Could not interpolate beta for site SHE at (-15.961,354.253)
2026-10-07T00:55:39.777360Z WARN  info     Warning: Could not interpolate beta for site API at (-13.816000000000004,188.219)
2026-10-07T00:55:39.778604Z WARN  info     Warning: Could not interpolate beta for site KDU at (-12.689999999999998,132.47)
2026-10-07T00:55:39.778604Z WARN  info     Warning: Could not interpolate beta for site CKI at (-12.188000000000002,96.834)
2026-10-07T00:55:39.779917Z WARN  info     Warning: Could not interpolate beta for site HUA at (-12.049999999999995,284.67)
2026-10-07T00:55:39.779917Z WARN  info     Warning: Could not interpolate beta for site ASC at (-7.950000000000003,345.62)
2026-10-07T00:55:39.780708Z WARN  info     Warning: Could not interpolate beta for site TTB at (-1.2049999999999983,311.487)
2026-10-07T00:55:39.780708Z WARN  info     Warning: Could not interpolate beta for site GAN at (-0.6949999999999932,73.154)
2026-10-07T00:55:39.780708Z WARN  info     Warning: Could not interpolate beta for site KOU at (5.209999999999994,307.27)
2026-10-07T00:55:39.780708Z WARN  info     Warning: Could not interpolate beta for site DLT at (11.950000000000005,108.48)
2026-10-07T00:55:39.782534Z WARN  info     Warning: Could not interpolate beta for site GUA at (13.590000000000003,144.87)
2026-10-07T00:55:39.784628Z WARN  info     Warning: Could not interpolate beta for site CPL at (17.293999999999997,78.919)
2026-10-07T00:55:39.785149Z WARN  info     Warning: Could not interpolate beta for site HYB at (17.42,78.55)
2026-10-07T00:55:39.786023Z WARN  info     Warning: Could not interpolate beta for site SJG at (18.11,293.85)
2026-10-07T00:55:39.786727Z WARN  info     Warning: Could not interpolate beta for site ABG at (18.638000000000005,72.872)
2026-10-07T00:55:39.787060Z WARN  info     Warning: Could not interpolate beta for site PHU at (21.03,105.96)
2026-10-07T00:55:39.787060Z WARN  info     Warning: Could not interpolate beta for site HON at (21.319999999999997,202.0)
2026-10-07T00:55:39.787060Z WARN  info     Warning: Could not interpolate beta for site TAM at (22.790000000000006,5.53)
2026-10-07T00:55:39.787060Z WARN  info     Warning: Could not interpolate beta for site JAI at (26.92,75.8)
2026-10-07T00:55:39.787060Z WARN  info     Warning: Could not interpolate beta for site GUI at (28.321,343.559)
2026-10-07T00:55:39.787060Z WARN  info     Warning: Could not interpolate beta for site BSL at (30.35,270.36)
2026-10-07T00:55:39.787060Z WARN  info     Warning: Could not interpolate beta for site KNY at (31.42,130.88)
2026-10-07T00:55:39.790712Z WARN  info     Warning: Could not interpolate beta for site TUC at (32.17,249.27)
2026-10-07T00:55:39.790712Z WARN  info     Warning: Could not interpolate beta for site KAK at (36.232,140.186)
2026-10-07T00:55:39.791647Z WARN  info     Warning: Could not interpolate beta for site CYG at (36.37,126.854)
2026-10-07T00:55:39.791992Z WARN  info     Warning: Could not interpolate beta for site SFS at (36.667,354.055)
2026-10-07T00:55:39.792515Z WARN  info     Warning: Could not interpolate beta for site FRN at (37.09,240.28)
2026-10-07T00:55:39.792515Z WARN  info     Warning: Could not interpolate beta for site STT at (37.547,351.272)
2026-10-07T00:55:39.792515Z WARN  info     Warning: Could not interpolate beta for site PEG at (38.1,23.9)
2026-10-07T00:55:39.792515Z WARN  info     Warning: Could not interpolate beta for site FRD at (38.21,282.633)
2026-10-07T00:55:39.792515Z WARN  info     Warning: Could not interpolate beta for site SPT at (39.55,355.65)
2026-10-07T00:55:39.792515Z WARN  info     Warning: Could not interpolate beta for site BOU at (40.14,254.767)
2026-10-07T00:55:39.792515Z WARN  info     Warning: Could not interpolate beta for site BMT at (40.3,116.2)
2026-10-07T00:55:39.796496Z WARN  info     Warning: Could not interpolate beta for site IZN at (40.5,29.72)
2026-10-07T00:55:39.796496Z WARN  info     Warning: Could not interpolate beta for site EBR at (40.957,0.333)
2026-10-07T00:55:39.796496Z WARN  info     Warning: Could not interpolate beta for site DUR at (41.65,14.47)
2026-10-07T00:55:39.796496Z WARN  info     Warning: Could not interpolate beta for site PAG at (42.515,24.177)
2026-10-07T00:55:39.800190Z WARN  info     Warning: Could not interpolate beta for site MMB at (43.91,144.19)
2026-10-07T00:55:39.800794Z WARN  info     Warning: Could not interpolate beta for site SBL at (43.932,299.99)
2026-10-07T00:55:39.801436Z WARN  info     Warning: Could not interpolate beta for site GCK at (44.633,20.767)
2026-10-07T00:55:39.801436Z WARN  info     Warning: Could not interpolate beta for site SUA at (44.68,26.25)
2026-10-07T00:55:39.802567Z WARN  info     Warning: Could not interpolate beta for site OTT at (45.403,284.448)
2026-10-07T00:55:39.803334Z WARN  info     Warning: Could not interpolate beta for site LON at (45.408,16.659)
2026-10-07T00:55:39.803334Z WARN  info     Warning: Could not interpolate beta for site THY at (46.9,17.89)
2026-10-07T00:55:39.803334Z WARN  info     Warning: Could not interpolate beta for site STJ at (47.595,307.323)
2026-10-07T00:55:39.803334Z WARN  info     Warning: Could not interpolate beta for site KHB at (47.61,134.69)
2026-10-07T00:55:39.805377Z WARN  info     Warning: Could not interpolate beta for site NCK at (47.63,16.72)
2026-10-07T00:55:39.805377Z WARN  info     Warning: Could not interpolate beta for site HRB at (47.873,18.19)
2026-10-07T00:55:39.805377Z WARN  info     Warning: Could not interpolate beta for site WIC at (47.931,15.866)
2026-10-07T00:55:39.805377Z WARN  info     Warning: Could not interpolate beta for site CLF at (48.025,2.26)
2026-10-07T00:55:39.805377Z WARN  info     Warning: Could not interpolate beta for site FUR at (48.17,11.28)
2026-10-07T00:55:39.807792Z WARN  info     Warning: Could not interpolate beta for site NEW at (48.27,242.88)
2026-10-07T00:55:39.807792Z WARN  info     Warning: Could not interpolate beta for site BFO at (48.331,8.325)
2026-10-07T00:55:39.808937Z WARN  info     Warning: Could not interpolate beta for site VIC at (48.52,236.58)
2026-10-07T00:55:39.809812Z WARN  info     Warning: Could not interpolate beta for site BDV at (49.08,14.02)
2026-10-07T00:55:39.810153Z WARN  info     Warning: Could not interpolate beta for site BRD at (49.87,260.026)
2026-10-07T00:55:39.810153Z WARN  info     Warning: Could not interpolate beta for site LVV at (49.9,23.75)
2026-10-07T00:55:39.810153Z WARN  info     Warning: Could not interpolate beta for site DOU at (50.1,4.6)
2026-10-07T00:55:39.810153Z WARN  info     Warning: Could not interpolate beta for site MAB at (50.298,5.682)
2026-10-07T00:55:39.814874Z WARN  info     Warning: Could not interpolate beta for site KIV at (50.72,30.3)
2026-10-07T00:55:39.815708Z WARN  info     Warning: Could not interpolate beta for site HAD at (51.0,355.52)
2026-10-07T00:55:39.816767Z WARN  info     Warning: Could not interpolate beta for site BEL at (51.836,20.789)
2026-10-07T00:55:39.817473Z WARN  info     Warning: Could not interpolate beta for site VAL at (51.933,349.75)
2026-10-07T00:55:39.817473Z WARN  info     Warning: Could not interpolate beta for site NGK at (52.07,12.68)
2026-10-07T00:55:39.817473Z WARN  info     Warning: Could not interpolate beta for site IRT at (52.17,104.45)
2026-10-07T00:55:39.819158Z WARN  info     Warning: Could not interpolate beta for site PET at (52.971,158.248)
2026-10-07T00:55:39.819158Z WARN  info     Warning: Could not interpolate beta for site WNG at (53.725,9.053)
2026-10-07T00:55:39.820168Z WARN  info     Warning: Could not interpolate beta for site HLP at (54.603,18.811)
2026-10-07T00:55:39.820168Z WARN  info     Warning: Could not interpolate beta for site MEA at (54.616,246.653)
2026-10-07T00:55:39.820168Z WARN  info     Warning: Could not interpolate beta for site NVS at (54.85,83.23)
2026-10-07T00:55:39.820168Z WARN  info     Warning: Could not interpolate beta for site ESK at (55.314,356.794)
2026-10-07T00:55:39.822429Z WARN  info     Warning: Could not interpolate beta for site SHU at (55.35,199.54)
2026-10-07T00:55:39.822429Z WARN  info     Warning: Could not interpolate beta for site ARS at (56.433,58.567)
2026-10-07T00:55:39.822429Z WARN  info     Warning: Could not interpolate beta for site SIT at (57.06,224.67)
2026-10-07T00:55:39.822429Z WARN  info     Warning: Could not interpolate beta for site FCC at (58.759,265.912)
2026-10-07T00:55:39.822429Z WARN  info     Warning: Could not interpolate beta for site UPS at (59.903,17.353)
2026-10-07T00:55:39.822429Z WARN  info     Warning: Could not interpolate beta for site LER at (60.138000000000005,358.817)
2026-10-07T00:55:39.822429Z WARN  info     Warning: Could not interpolate beta for site NUR at (60.510000000000005,24.66)
2026-10-07T00:55:39.822429Z WARN  info     Warning: Could not interpolate beta for site NAQ at (61.167,314.567)
2026-10-07T00:55:39.822429Z WARN  info     Warning: Could not interpolate beta for site YKC at (62.48,245.518)
2026-10-07T00:55:39.822429Z WARN  info     Warning: Could not interpolate beta for site IQA at (63.753,291.482)
2026-10-07T00:55:39.827154Z WARN  info     Warning: Could not interpolate beta for site BLC at (64.318,263.988)
2026-10-07T00:55:39.827825Z WARN  info     Warning: Could not interpolate beta for site LYC at (64.612,18.748)
2026-10-07T00:55:39.827825Z WARN  info     Warning: Could not interpolate beta for site CMO at (64.87,212.14)
2026-10-07T00:55:39.827825Z WARN  info     Warning: Could not interpolate beta for site SOD at (67.37,26.63)
2026-10-07T00:55:39.829839Z WARN  info     Warning: Could not interpolate beta for site KIR at (67.843,20.42)
2026-10-07T00:55:39.829839Z WARN  info     Warning: Could not interpolate beta for site ABK at (68.358,18.823)
2026-10-07T00:55:39.830859Z WARN  info     Warning: Could not interpolate beta for site CBB at (69.123,254.969)
2026-10-07T00:55:39.830859Z WARN  info     Warning: Could not interpolate beta for site GDH at (69.252,306.467)
2026-10-07T00:55:39.830859Z WARN  info     Warning: Could not interpolate beta for site JCO at (70.356,211.201)
2026-10-07T00:55:39.830859Z WARN  info     Warning: Could not interpolate beta for site DED at (70.36,211.21)
2026-10-07T00:55:39.832874Z WARN  info     Warning: Could not interpolate beta for site BRW at (71.32,203.38)
2026-10-07T00:55:39.833661Z WARN  info     Warning: Could not interpolate beta for site RES at (74.69,265.105)
2026-10-07T00:55:39.833661Z WARN  info     Warning: Could not interpolate beta for site HRN at (77.0,15.55)
2026-10-07T00:55:39.835498Z WARN  info     Warning: Could not interpolate beta for site THL at (77.47,290.773)
2026-10-07T00:55:40.401840Z INFO  info Adding geomagnetic coordinates and alpha to extended info_df
2026-10-07T00:55:41.239609Z WARN  info Simulation file C:\Users\lwilker\Documents\GitHub\SWERVE-data\data_original\gmu\gic_mean_df_1.csv does not exist. Skipping add_sim_site.
2026-10-07T00:55:48.662412Z INFO  info Adding nearest voltage to extended info_df
2026-10-07T00:56:00.156297Z INFO  info Skipping nearest voltage: sites outside of CONUS.
2026-10-07T00:56:00.156297Z INFO  info   Reading C:\Users\lwilker\Documents\GitHub\SWERVE-common\nerc_gdf\nerc_gdf.geojson
2026-10-07T00:56:03.332394Z INFO  info   Writing C:\Users\lwilker\Documents\GitHub\SWERVE-common\nerc_gdf\nerc_gdf_mapped.csv
2026-10-07T00:56:03.529549Z INFO  info Wrote C:\Users\lwilker\Documents\GitHub\SWERVE\info\intermag_config\info.extended.csv
2026-10-07T00:56:03.531811Z INFO  info Preparing C:\Users\lwilker\Documents\GitHub\SWERVE\info\intermag_config\info.extended.json
2026-10-07T00:56:03.541981Z INFO  info Writing C:\Users\lwilker\Documents\GitHub\SWERVE\info\intermag_config\info.extended.json
