2026-10-06T14:46:24.893733Z INFO  info    Adding sites for event 2015-03-17 from data source TVA to info.csv.
2026-10-06T14:48:26.511549Z INFO  info    Adding sites for event 2015-03-17 from data source TVA to info.csv.
2026-10-06T14:49:43.402621Z INFO  info    Adding sites for event 2015-03-17 from data source TVA to info.csv.
2026-10-06T14:49:43.423028Z WARN  info Data type DMM not available for data source TVA. Skipping...
2026-10-06T14:49:57.429600Z INFO  info    Adding sites for event 2015-03-17 from data source TVA to info.csv.
2026-10-06T14:49:57.429600Z WARN  info Data type DMM not available for data source TVA. Skipping...
2026-10-06T14:49:57.429600Z WARN  info    Data type B not found for source TVA and event 2015-03-17. Skipping...
2026-10-06T14:49:57.429600Z INFO  info    Adding sites for event 2015-06-22 from data source TVA to info.csv.
2026-10-06T14:49:57.433594Z WARN  info Data type DMM not available for data source TVA. Skipping...
2026-10-06T14:49:57.433594Z WARN  info    Data type B not found for source TVA and event 2015-06-22. Skipping...
2026-10-06T14:49:57.433594Z INFO  info    Adding sites for event 2014-09-11 from data source TVA to info.csv.
2026-10-06T14:49:57.436526Z WARN  info Data type DMM not available for data source TVA. Skipping...
2026-10-06T14:49:57.437254Z WARN  info    Data type B not found for source TVA and event 2014-09-11. Skipping...
2026-10-06T14:49:57.437254Z INFO  info    Adding sites for event 2023-03-23 from data source TVA to info.csv.
2026-10-06T14:49:57.437254Z WARN  info Data type DMM not available for data source TVA. Skipping...
2026-10-06T14:49:57.437254Z WARN  info    Data type B not found for source TVA and event 2023-03-23. Skipping...
2026-10-06T14:49:57.437254Z INFO  info    Adding sites for event 2016-02-17 from data source TVA to info.csv.
2026-10-06T14:49:57.437254Z WARN  info Data type DMM not available for data source TVA. Skipping...
2026-10-06T14:49:57.437254Z WARN  info    Data type B not found for source TVA and event 2016-02-17. Skipping...
2026-10-06T14:49:57.437254Z INFO  info    Adding sites for event 2024-05-10 from data source TVA to info.csv.
2026-10-06T14:49:57.437254Z WARN  info Data type DMM not available for data source TVA. Skipping...
2026-10-06T14:49:57.460297Z INFO  info    Adding sites for event 2015-10-07 from data source TVA to info.csv.
2026-10-06T14:49:57.460297Z WARN  info Data type DMM not available for data source TVA. Skipping...
2026-10-06T14:49:57.460297Z WARN  info    Data type B not found for source TVA and event 2015-10-07. Skipping...
2026-10-06T14:49:57.549231Z INFO  info    Saving info to C:\Users\lwilker\Documents\GitHub\SWERVE\info\tva_config\info.csv
2026-10-06T14:49:57.577811Z INFO  info Reading C:\Users\lwilker\Documents\GitHub\SWERVE\info\tva_config\info.csv
2026-10-06T14:50:06.828584Z INFO  info Adding interpolated OTT beta and log10 beta columns to extended info_df
2026-10-06T14:50:06.828584Z INFO  info   Reading C:\Users\lwilker\Documents\GitHub\SWERVE-common\pulkkinen\waveforms_All.mat
2026-10-06T14:50:08.979590Z INFO  info Adding geomagnetic coordinates and alpha to extended info_df
2026-10-06T14:50:11.033154Z WARN  info Simulation file C:\Users\lwilker\Documents\GitHub\SWERVE-data\data_original\gmu\gic_mean_df_1.csv does not exist. Skipping add_sim_site.
2026-10-06T14:50:18.416829Z INFO  info Adding nearest voltage to extended info_df
2026-10-06T14:50:31.949009Z INFO  info   Reading C:\Users\lwilker\Documents\GitHub\SWERVE-common\nerc_gdf\nerc_gdf.geojson
2026-10-06T14:50:33.055764Z INFO  info   Writing C:\Users\lwilker\Documents\GitHub\SWERVE-common\nerc_gdf\nerc_gdf_mapped.csv
2026-10-06T14:50:33.192225Z INFO  info Wrote C:\Users\lwilker\Documents\GitHub\SWERVE\info\tva_config\info.extended.csv
2026-10-06T14:50:33.192225Z INFO  info Preparing C:\Users\lwilker\Documents\GitHub\SWERVE\info\tva_config\info.extended.json
2026-10-06T14:50:33.210326Z INFO  info Writing C:\Users\lwilker\Documents\GitHub\SWERVE\info\tva_config\info.extended.json
2026-10-06T14:57:16.172504Z INFO  info    Adding sites for event 2015-03-17 from data source TVA to info.csv.
2026-10-06T15:00:49.359939Z INFO  info    Adding sites for event 2015-03-17 from data source TVA to info.csv.
2026-10-06T15:02:26.464898Z INFO  info    Adding sites for event 2015-03-17 from data source TVA to info.csv.
2026-10-06T15:03:38.796365Z INFO  info    Adding sites for event 2015-03-17 from data source TVA to info.csv.
2026-10-06T15:03:46.004495Z WARN  info    Data type DMM not available for data source TVA. Skipping...
2026-10-06T15:03:46.004495Z WARN  info    Data type B not found for source TVA and event 2015-03-17. Skipping...
2026-10-06T15:03:46.004495Z INFO  info    Adding sites for event 2015-06-22 from data source TVA to info.csv.
2026-10-06T15:03:52.759647Z WARN  info    Data type DMM not available for data source TVA. Skipping...
2026-10-06T15:03:52.759647Z WARN  info    Data type B not found for source TVA and event 2015-06-22. Skipping...
2026-10-06T15:03:52.759647Z INFO  info    Adding sites for event 2014-09-11 from data source TVA to info.csv.
2026-10-06T15:05:44.960713Z INFO  info    Adding sites for event 2015-03-17 from data source TVA to info.csv.
2026-10-06T15:05:44.988079Z WARN  info    Data type DMM not available for data source TVA. Skipping...
2026-10-06T15:05:44.988079Z WARN  info    Data type B not found for source TVA and event 2015-03-17. Skipping...
2026-10-06T15:05:44.988079Z INFO  info    Adding sites for event 2015-06-22 from data source TVA to info.csv.
2026-10-06T15:05:44.988079Z WARN  info    Data type DMM not available for data source TVA. Skipping...
2026-10-06T15:05:44.988079Z WARN  info    Data type B not found for source TVA and event 2015-06-22. Skipping...
2026-10-06T15:05:44.988079Z INFO  info    Adding sites for event 2014-09-11 from data source TVA to info.csv.
2026-10-06T15:05:44.999526Z WARN  info    Data type DMM not available for data source TVA. Skipping...
2026-10-06T15:05:45.000037Z WARN  info    Data type B not found for source TVA and event 2014-09-11. Skipping...
2026-10-06T15:05:45.000037Z INFO  info    Adding sites for event 2023-03-23 from data source TVA to info.csv.
2026-10-06T15:05:45.000037Z WARN  info    Data type DMM not available for data source TVA. Skipping...
2026-10-06T15:05:45.000037Z WARN  info    Data type B not found for source TVA and event 2023-03-23. Skipping...
2026-10-06T15:05:45.004870Z INFO  info    Adding sites for event 2016-02-17 from data source TVA to info.csv.
2026-10-06T15:05:45.004870Z WARN  info    Data type DMM not available for data source TVA. Skipping...
2026-10-06T15:05:45.004870Z WARN  info    Data type B not found for source TVA and event 2016-02-17. Skipping...
2026-10-06T15:05:45.004870Z INFO  info    Adding sites for event 2024-05-10 from data source TVA to info.csv.
2026-10-06T15:05:45.018630Z WARN  info    Data type DMM not available for data source TVA. Skipping...
2026-10-06T15:05:45.036011Z INFO  info    Adding sites for event 2015-10-07 from data source TVA to info.csv.
2026-10-06T15:05:45.039154Z WARN  info    Data type DMM not available for data source TVA. Skipping...
2026-10-06T15:05:45.046303Z WARN  info    Data type B not found for source TVA and event 2015-10-07. Skipping...
2026-10-06T15:05:45.126732Z INFO  info    Saving info to C:\Users\lwilker\Documents\GitHub\SWERVE\info\tva_config\info.csv
2026-10-06T15:05:45.158103Z INFO  info Reading C:\Users\lwilker\Documents\GitHub\SWERVE\info\tva_config\info.csv
2026-10-06T15:05:55.446360Z INFO  info Adding interpolated OTT beta and log10 beta columns to extended info_df
2026-10-06T15:05:55.447596Z INFO  info   Reading C:\Users\lwilker\Documents\GitHub\SWERVE-common\pulkkinen\waveforms_All.mat
2026-10-06T15:05:57.790992Z INFO  info Adding geomagnetic coordinates and alpha to extended info_df
2026-10-06T15:05:58.834262Z WARN  info Simulation file C:\Users\lwilker\Documents\GitHub\SWERVE-data\data_original\gmu\gic_mean_df_1.csv does not exist. Skipping add_sim_site.
2026-10-06T15:06:06.910140Z INFO  info Adding nearest voltage to extended info_df
2026-10-06T15:06:22.471186Z INFO  info   Reading C:\Users\lwilker\Documents\GitHub\SWERVE-common\nerc_gdf\nerc_gdf.geojson
2026-10-06T15:06:27.186054Z INFO  info    Adding sites for event 2015-03-17 from data source TVA to info.csv.
2026-10-06T15:06:27.188612Z WARN  info    Data type DMM not available for data source TVA. Skipping...
2026-10-06T15:06:27.188612Z WARN  info    Data type B not found for source TVA and event 2015-03-17. Skipping...
2026-10-06T15:06:27.188612Z INFO  info    Adding sites for event 2015-06-22 from data source TVA to info.csv.
2026-10-06T15:06:27.188612Z WARN  info    Data type DMM not available for data source TVA. Skipping...
2026-10-06T15:06:27.188612Z WARN  info    Data type B not found for source TVA and event 2015-06-22. Skipping...
2026-10-06T15:06:27.188612Z INFO  info    Adding sites for event 2014-09-11 from data source TVA to info.csv.
2026-10-06T15:06:27.195657Z WARN  info    Data type DMM not available for data source TVA. Skipping...
2026-10-06T15:06:27.195657Z WARN  info    Data type B not found for source TVA and event 2014-09-11. Skipping...
2026-10-06T15:06:27.195657Z INFO  info    Adding sites for event 2023-03-23 from data source TVA to info.csv.
2026-10-06T15:06:27.195657Z WARN  info    Data type DMM not available for data source TVA. Skipping...
2026-10-06T15:06:27.195657Z WARN  info    Data type B not found for source TVA and event 2023-03-23. Skipping...
2026-10-06T15:06:27.199162Z INFO  info    Adding sites for event 2016-02-17 from data source TVA to info.csv.
2026-10-06T15:06:27.201975Z WARN  info    Data type DMM not available for data source TVA. Skipping...
2026-10-06T15:06:27.201975Z WARN  info    Data type B not found for source TVA and event 2016-02-17. Skipping...
2026-10-06T15:06:27.203238Z INFO  info    Adding sites for event 2024-05-10 from data source TVA to info.csv.
2026-10-06T15:06:27.209246Z WARN  info    Data type DMM not available for data source TVA. Skipping...
2026-10-06T15:06:27.209921Z INFO  info    Adding sites for event 2015-10-07 from data source TVA to info.csv.
2026-10-06T15:06:27.212645Z WARN  info    Data type DMM not available for data source TVA. Skipping...
2026-10-06T15:06:27.212645Z WARN  info    Data type B not found for source TVA and event 2015-10-07. Skipping...
2026-10-06T15:06:27.229658Z INFO  info    Saving info to C:\Users\lwilker\Documents\GitHub\SWERVE\info\tva_config\info.csv
2026-10-06T15:06:27.239605Z INFO  info Reading C:\Users\lwilker\Documents\GitHub\SWERVE\info\tva_config\info.csv
2026-10-06T15:06:27.937476Z INFO  info Adding interpolated OTT beta and log10 beta columns to extended info_df
2026-10-06T15:06:27.937476Z INFO  info   Reading C:\Users\lwilker\Documents\GitHub\SWERVE-common\pulkkinen\waveforms_All.mat
2026-10-06T15:06:29.243651Z INFO  info Adding geomagnetic coordinates and alpha to extended info_df
2026-10-06T15:06:30.645258Z WARN  info Simulation file C:\Users\lwilker\Documents\GitHub\SWERVE-data\data_original\gmu\gic_mean_df_1.csv does not exist. Skipping add_sim_site.
2026-10-06T15:06:31.593983Z INFO  info Adding nearest voltage to extended info_df
2026-10-06T15:06:41.432112Z INFO  info   Reading C:\Users\lwilker\Documents\GitHub\SWERVE-common\nerc_gdf\nerc_gdf.geojson
2026-10-06T15:06:42.307808Z INFO  info   Writing C:\Users\lwilker\Documents\GitHub\SWERVE-common\nerc_gdf\nerc_gdf_mapped.csv
2026-10-06T15:06:42.455537Z INFO  info Wrote C:\Users\lwilker\Documents\GitHub\SWERVE\info\tva_config\info.extended.csv
2026-10-06T15:06:42.455537Z INFO  info Preparing C:\Users\lwilker\Documents\GitHub\SWERVE\info\tva_config\info.extended.json
2026-10-06T15:06:42.466206Z INFO  info Writing C:\Users\lwilker\Documents\GitHub\SWERVE\info\tva_config\info.extended.json
2026-10-06T15:12:18.765652Z INFO  info    Adding sites for event 2015-03-17 from data source TVA to info.csv.
2026-10-06T15:12:18.775352Z WARN  info    Data type DMM not available for data source TVA. Skipping...
2026-10-06T15:12:18.775352Z WARN  info    Data type B not found for source TVA and event 2015-03-17. Skipping...
2026-10-06T15:12:18.775352Z INFO  info    Adding sites for event 2015-06-22 from data source TVA to info.csv.
2026-10-06T15:12:18.777070Z WARN  info    Data type DMM not available for data source TVA. Skipping...
2026-10-06T15:12:18.778077Z WARN  info    Data type B not found for source TVA and event 2015-06-22. Skipping...
2026-10-06T15:12:18.778077Z INFO  info    Adding sites for event 2014-09-11 from data source TVA to info.csv.
2026-10-06T15:12:18.779076Z WARN  info    Data type DMM not available for data source TVA. Skipping...
2026-10-06T15:12:18.779076Z WARN  info    Data type B not found for source TVA and event 2014-09-11. Skipping...
2026-10-06T15:12:18.779076Z INFO  info    Adding sites for event 2023-03-23 from data source TVA to info.csv.
2026-10-06T15:12:18.780077Z WARN  info    Data type DMM not available for data source TVA. Skipping...
2026-10-06T15:12:18.780077Z WARN  info    Data type B not found for source TVA and event 2023-03-23. Skipping...
2026-10-06T15:12:18.781076Z INFO  info    Adding sites for event 2016-02-17 from data source TVA to info.csv.
2026-10-06T15:12:18.782076Z WARN  info    Data type DMM not available for data source TVA. Skipping...
2026-10-06T15:12:18.782076Z WARN  info    Data type B not found for source TVA and event 2016-02-17. Skipping...
2026-10-06T15:12:18.783076Z INFO  info    Adding sites for event 2024-05-10 from data source TVA to info.csv.
2026-10-06T15:12:18.785112Z WARN  info    Data type DMM not available for data source TVA. Skipping...
2026-10-06T15:12:18.791481Z INFO  info    Adding sites for event 2015-10-07 from data source TVA to info.csv.
2026-10-06T15:12:18.795340Z WARN  info    Data type DMM not available for data source TVA. Skipping...
2026-10-06T15:12:18.795340Z WARN  info    Data type B not found for source TVA and event 2015-10-07. Skipping...
2026-10-06T15:12:18.839248Z INFO  info    Saving info to C:\Users\lwilker\Documents\GitHub\SWERVE\info\tva_config\info.csv
2026-10-06T15:12:18.855139Z INFO  info Reading C:\Users\lwilker\Documents\GitHub\SWERVE\info\tva_config\info.csv
2026-10-06T15:12:23.870423Z INFO  info Adding interpolated OTT beta and log10 beta columns to extended info_df
2026-10-06T15:12:23.870423Z INFO  info   Reading C:\Users\lwilker\Documents\GitHub\SWERVE-common\pulkkinen\waveforms_All.mat
2026-10-06T15:12:24.958727Z INFO  info Adding geomagnetic coordinates and alpha to extended info_df
2026-10-06T15:12:25.388292Z WARN  info Simulation file C:\Users\lwilker\Documents\GitHub\SWERVE-data\data_original\gmu\gic_mean_df_1.csv does not exist. Skipping add_sim_site.
2026-10-06T15:12:29.978958Z INFO  info Adding nearest voltage to extended info_df
2026-10-06T15:12:36.217812Z INFO  info   Reading C:\Users\lwilker\Documents\GitHub\SWERVE-common\nerc_gdf\nerc_gdf.geojson
2026-10-06T15:12:36.590483Z INFO  info   Writing C:\Users\lwilker\Documents\GitHub\SWERVE-common\nerc_gdf\nerc_gdf_mapped.csv
2026-10-06T15:12:36.641855Z INFO  info Wrote C:\Users\lwilker\Documents\GitHub\SWERVE\info\tva_config\info.extended.csv
2026-10-06T15:12:36.641855Z INFO  info Preparing C:\Users\lwilker\Documents\GitHub\SWERVE\info\tva_config\info.extended.json
2026-10-06T15:12:36.645856Z INFO  info Writing C:\Users\lwilker\Documents\GitHub\SWERVE\info\tva_config\info.extended.json
2026-10-06T15:13:30.026484Z INFO  info    Adding sites for event 2015-03-17 from data source TVA to info.csv.
2026-10-06T15:13:30.030387Z WARN  info    Data type DMM not available for data source TVA. Skipping...
2026-10-06T15:13:30.030387Z WARN  info    Data type B not found for source TVA and event 2015-03-17. Skipping...
2026-10-06T15:13:30.030387Z INFO  info    Adding sites for event 2015-06-22 from data source TVA to info.csv.
2026-10-06T15:13:30.032396Z WARN  info    Data type DMM not available for data source TVA. Skipping...
2026-10-06T15:13:30.032396Z WARN  info    Data type B not found for source TVA and event 2015-06-22. Skipping...
2026-10-06T15:13:30.032396Z INFO  info    Adding sites for event 2014-09-11 from data source TVA to info.csv.
2026-10-06T15:13:30.034407Z WARN  info    Data type DMM not available for data source TVA. Skipping...
2026-10-06T15:13:30.034407Z WARN  info    Data type B not found for source TVA and event 2014-09-11. Skipping...
2026-10-06T15:13:30.034407Z INFO  info    Adding sites for event 2023-03-23 from data source TVA to info.csv.
2026-10-06T15:13:30.036414Z WARN  info    Data type DMM not available for data source TVA. Skipping...
2026-10-06T15:13:30.036414Z WARN  info    Data type B not found for source TVA and event 2023-03-23. Skipping...
2026-10-06T15:13:30.036414Z INFO  info    Adding sites for event 2016-02-17 from data source TVA to info.csv.
2026-10-06T15:13:30.039582Z WARN  info    Data type DMM not available for data source TVA. Skipping...
2026-10-06T15:13:30.039582Z WARN  info    Data type B not found for source TVA and event 2016-02-17. Skipping...
2026-10-06T15:13:30.039582Z INFO  info    Adding sites for event 2024-05-10 from data source TVA to info.csv.
2026-10-06T15:13:30.041589Z WARN  info    Data type DMM not available for data source TVA. Skipping...
2026-10-06T15:13:30.041589Z INFO  info    Adding sites for event 2015-10-07 from data source TVA to info.csv.
2026-10-06T15:13:30.044393Z WARN  info    Data type DMM not available for data source TVA. Skipping...
2026-10-06T15:13:30.044393Z WARN  info    Data type B not found for source TVA and event 2015-10-07. Skipping...
2026-10-06T15:13:30.058123Z INFO  info    Saving info to C:\Users\lwilker\Documents\GitHub\SWERVE\info\tva_config\info.csv
2026-10-06T15:13:30.063123Z INFO  info Reading C:\Users\lwilker\Documents\GitHub\SWERVE\info\tva_config\info.csv
2026-10-06T15:13:30.565818Z INFO  info Adding interpolated OTT beta and log10 beta columns to extended info_df
2026-10-06T15:13:30.565818Z INFO  info   Reading C:\Users\lwilker\Documents\GitHub\SWERVE-common\pulkkinen\waveforms_All.mat
2026-10-06T15:13:31.388545Z INFO  info Adding geomagnetic coordinates and alpha to extended info_df
2026-10-06T15:13:31.960902Z WARN  info Simulation file C:\Users\lwilker\Documents\GitHub\SWERVE-data\data_original\gmu\gic_mean_df_1.csv does not exist. Skipping add_sim_site.
2026-10-06T15:13:32.317670Z INFO  info Adding nearest voltage to extended info_df
2026-10-06T15:13:37.000516Z INFO  info   Reading C:\Users\lwilker\Documents\GitHub\SWERVE-common\nerc_gdf\nerc_gdf.geojson
2026-10-06T15:13:37.371389Z INFO  info   Writing C:\Users\lwilker\Documents\GitHub\SWERVE-common\nerc_gdf\nerc_gdf_mapped.csv
2026-10-06T15:13:37.422107Z INFO  info Wrote C:\Users\lwilker\Documents\GitHub\SWERVE\info\tva_config\info.extended.csv
2026-10-06T15:13:37.422107Z INFO  info Preparing C:\Users\lwilker\Documents\GitHub\SWERVE\info\tva_config\info.extended.json
2026-10-06T15:13:37.426105Z INFO  info Writing C:\Users\lwilker\Documents\GitHub\SWERVE\info\tva_config\info.extended.json
2026-10-06T15:18:21.959390Z INFO  info    Adding sites for event 2015-03-17 from data source TVA to info.csv.
2026-10-06T15:18:21.959390Z WARN  info    Data type DMM not available for data source TVA. Skipping...
2026-10-06T15:18:21.959390Z WARN  info    Data type B not found for source TVA and event 2015-03-17. Skipping...
2026-10-06T15:18:21.959390Z INFO  info    Adding sites for event 2015-06-22 from data source TVA to info.csv.
2026-10-06T15:18:21.964386Z WARN  info    Data type DMM not available for data source TVA. Skipping...
2026-10-06T15:18:21.965089Z WARN  info    Data type B not found for source TVA and event 2015-06-22. Skipping...
2026-10-06T15:18:21.965508Z INFO  info    Adding sites for event 2014-09-11 from data source TVA to info.csv.
2026-10-06T15:18:21.966544Z WARN  info    Data type DMM not available for data source TVA. Skipping...
2026-10-06T15:18:21.966544Z WARN  info    Data type B not found for source TVA and event 2014-09-11. Skipping...
2026-10-06T15:18:21.966544Z INFO  info    Adding sites for event 2023-03-23 from data source TVA to info.csv.
2026-10-06T15:18:21.967543Z WARN  info    Data type DMM not available for data source TVA. Skipping...
2026-10-06T15:18:21.968650Z WARN  info    Data type B not found for source TVA and event 2023-03-23. Skipping...
2026-10-06T15:18:21.968650Z INFO  info    Adding sites for event 2016-02-17 from data source TVA to info.csv.
2026-10-06T15:18:21.968650Z WARN  info    Data type DMM not available for data source TVA. Skipping...
2026-10-06T15:18:21.968650Z WARN  info    Data type B not found for source TVA and event 2016-02-17. Skipping...
2026-10-06T15:18:21.968650Z INFO  info    Adding sites for event 2024-05-10 from data source TVA to info.csv.
2026-10-06T15:18:21.968650Z WARN  info    Data type DMM not available for data source TVA. Skipping...
2026-10-06T15:18:21.968650Z INFO  info    Adding sites for event 2015-10-07 from data source TVA to info.csv.
2026-10-06T15:18:21.968650Z WARN  info    Data type DMM not available for data source TVA. Skipping...
2026-10-06T15:18:21.968650Z WARN  info    Data type B not found for source TVA and event 2015-10-07. Skipping...
2026-10-06T15:18:21.978982Z INFO  info    Saving info to C:\Users\lwilker\Documents\GitHub\SWERVE\info\tva_config\info.csv
2026-10-06T15:18:21.980987Z INFO  info Reading C:\Users\lwilker\Documents\GitHub\SWERVE\info\tva_config\info.csv
2026-10-06T15:18:22.314392Z INFO  info Adding interpolated OTT beta and log10 beta columns to extended info_df
2026-10-06T15:18:22.314392Z INFO  info   Reading C:\Users\lwilker\Documents\GitHub\SWERVE-common\pulkkinen\waveforms_All.mat
2026-10-06T15:18:22.859341Z INFO  info Adding geomagnetic coordinates and alpha to extended info_df
2026-10-06T15:18:23.303386Z WARN  info Simulation file C:\Users\lwilker\Documents\GitHub\SWERVE-data\data_original\gmu\gic_mean_df_1.csv does not exist. Skipping add_sim_site.
2026-10-06T15:18:23.701438Z INFO  info Adding nearest voltage to extended info_df
2026-10-06T15:18:28.499567Z INFO  info   Reading C:\Users\lwilker\Documents\GitHub\SWERVE-common\nerc_gdf\nerc_gdf.geojson
2026-10-06T15:18:28.844539Z INFO  info   Writing C:\Users\lwilker\Documents\GitHub\SWERVE-common\nerc_gdf\nerc_gdf_mapped.csv
2026-10-06T15:18:28.896234Z INFO  info Wrote C:\Users\lwilker\Documents\GitHub\SWERVE\info\tva_config\info.extended.csv
2026-10-06T15:18:28.896234Z INFO  info Preparing C:\Users\lwilker\Documents\GitHub\SWERVE\info\tva_config\info.extended.json
2026-10-06T15:18:28.900386Z INFO  info Writing C:\Users\lwilker\Documents\GitHub\SWERVE\info\tva_config\info.extended.json
2026-10-06T15:23:15.040309Z INFO  info    Adding sites for event 2015-03-17 from data source TVA to info.csv.
2026-10-06T15:23:15.064085Z WARN  info    Data type DMM not available for data source TVA. Skipping...
2026-10-06T15:23:15.064085Z WARN  info    Data type B not found for source TVA and event 2015-03-17. Skipping...
2026-10-06T15:23:15.065086Z INFO  info    Adding sites for event 2015-06-22 from data source TVA to info.csv.
2026-10-06T15:23:15.066551Z WARN  info    Data type DMM not available for data source TVA. Skipping...
2026-10-06T15:23:15.066551Z WARN  info    Data type B not found for source TVA and event 2015-06-22. Skipping...
2026-10-06T15:23:15.066551Z INFO  info    Adding sites for event 2014-09-11 from data source TVA to info.csv.
2026-10-06T15:23:15.067563Z WARN  info    Data type DMM not available for data source TVA. Skipping...
2026-10-06T15:23:15.067563Z WARN  info    Data type B not found for source TVA and event 2014-09-11. Skipping...
2026-10-06T15:23:15.067563Z INFO  info    Adding sites for event 2023-03-23 from data source TVA to info.csv.
2026-10-06T15:23:15.067563Z WARN  info    Data type DMM not available for data source TVA. Skipping...
2026-10-06T15:23:15.067563Z WARN  info    Data type B not found for source TVA and event 2023-03-23. Skipping...
2026-10-06T15:23:15.067563Z INFO  info    Adding sites for event 2016-02-17 from data source TVA to info.csv.
2026-10-06T15:23:15.072690Z WARN  info    Data type DMM not available for data source TVA. Skipping...
2026-10-06T15:23:15.072690Z WARN  info    Data type B not found for source TVA and event 2016-02-17. Skipping...
2026-10-06T15:23:15.072690Z INFO  info    Adding sites for event 2024-05-10 from data source TVA to info.csv.
2026-10-06T15:23:15.074700Z WARN  info    Data type DMM not available for data source TVA. Skipping...
2026-10-06T15:23:15.077735Z INFO  info    Adding sites for event 2015-10-07 from data source TVA to info.csv.
2026-10-06T15:23:15.094045Z WARN  info    Data type DMM not available for data source TVA. Skipping...
2026-10-06T15:23:15.094045Z WARN  info    Data type B not found for source TVA and event 2015-10-07. Skipping...
2026-10-06T15:23:15.152704Z INFO  info    Saving info to C:\Users\lwilker\Documents\GitHub\SWERVE\info\tva_config\info.csv
2026-10-06T15:23:15.178594Z INFO  info Reading C:\Users\lwilker\Documents\GitHub\SWERVE\info\tva_config\info.csv
2026-10-06T15:23:22.977306Z INFO  info Adding interpolated OTT beta and log10 beta columns to extended info_df
2026-10-06T15:23:22.978818Z INFO  info   Reading C:\Users\lwilker\Documents\GitHub\SWERVE-common\pulkkinen\waveforms_All.mat
2026-10-06T15:23:24.060465Z INFO  info Adding geomagnetic coordinates and alpha to extended info_df
2026-10-06T15:23:24.486425Z WARN  info Simulation file C:\Users\lwilker\Documents\GitHub\SWERVE-data\data_original\gmu\gic_mean_df_1.csv does not exist. Skipping add_sim_site.
2026-10-06T15:23:30.016882Z INFO  info Adding nearest voltage to extended info_df
2026-10-06T15:23:36.439432Z INFO  info   Reading C:\Users\lwilker\Documents\GitHub\SWERVE-common\nerc_gdf\nerc_gdf.geojson
2026-10-06T15:23:36.830285Z INFO  info   Writing C:\Users\lwilker\Documents\GitHub\SWERVE-common\nerc_gdf\nerc_gdf_mapped.csv
2026-10-06T15:23:36.878793Z INFO  info Wrote C:\Users\lwilker\Documents\GitHub\SWERVE\info\tva_config\info.extended.csv
2026-10-06T15:23:36.878793Z INFO  info Preparing C:\Users\lwilker\Documents\GitHub\SWERVE\info\tva_config\info.extended.json
2026-10-06T15:23:36.885114Z INFO  info Writing C:\Users\lwilker\Documents\GitHub\SWERVE\info\tva_config\info.extended.json
2026-10-06T15:24:45.559787Z INFO  info    Adding sites for event 2015-03-17 from data source TVA to info.csv.
2026-10-06T15:24:45.564489Z WARN  info    Data type DMM not available for data source TVA. Skipping...
2026-10-06T15:24:45.565009Z WARN  info    Data type B not found for source TVA and event 2015-03-17. Skipping...
2026-10-06T15:24:45.565009Z INFO  info    Adding sites for event 2015-06-22 from data source TVA to info.csv.
2026-10-06T15:24:45.566060Z WARN  info    Data type DMM not available for data source TVA. Skipping...
2026-10-06T15:24:45.566060Z WARN  info    Data type B not found for source TVA and event 2015-06-22. Skipping...
2026-10-06T15:24:45.567140Z INFO  info    Adding sites for event 2014-09-11 from data source TVA to info.csv.
2026-10-06T15:24:45.567140Z WARN  info    Data type DMM not available for data source TVA. Skipping...
2026-10-06T15:24:45.567140Z WARN  info    Data type B not found for source TVA and event 2014-09-11. Skipping...
2026-10-06T15:24:45.568138Z INFO  info    Adding sites for event 2023-03-23 from data source TVA to info.csv.
2026-10-06T15:24:45.569145Z WARN  info    Data type DMM not available for data source TVA. Skipping...
2026-10-06T15:24:45.569644Z WARN  info    Data type B not found for source TVA and event 2023-03-23. Skipping...
2026-10-06T15:24:45.569644Z INFO  info    Adding sites for event 2016-02-17 from data source TVA to info.csv.
2026-10-06T15:24:45.571033Z WARN  info    Data type DMM not available for data source TVA. Skipping...
2026-10-06T15:24:45.571033Z WARN  info    Data type B not found for source TVA and event 2016-02-17. Skipping...
2026-10-06T15:24:45.571033Z INFO  info    Adding sites for event 2024-05-10 from data source TVA to info.csv.
2026-10-06T15:24:45.572038Z WARN  info    Data type DMM not available for data source TVA. Skipping...
2026-10-06T15:24:45.572038Z INFO  info    Adding sites for event 2015-10-07 from data source TVA to info.csv.
2026-10-06T15:24:45.573038Z WARN  info    Data type DMM not available for data source TVA. Skipping...
2026-10-06T15:24:45.573038Z WARN  info    Data type B not found for source TVA and event 2015-10-07. Skipping...
2026-10-06T15:24:45.579967Z INFO  info    Saving info to C:\Users\lwilker\Documents\GitHub\SWERVE\info\tva_config\info.csv
2026-10-06T15:24:45.582032Z INFO  info Reading C:\Users\lwilker\Documents\GitHub\SWERVE\info\tva_config\info.csv
2026-10-06T15:24:45.911124Z INFO  info Adding interpolated OTT beta and log10 beta columns to extended info_df
2026-10-06T15:24:45.911124Z INFO  info   Reading C:\Users\lwilker\Documents\GitHub\SWERVE-common\pulkkinen\waveforms_All.mat
2026-10-06T15:24:46.427032Z INFO  info Adding geomagnetic coordinates and alpha to extended info_df
2026-10-06T15:24:46.896817Z WARN  info Simulation file C:\Users\lwilker\Documents\GitHub\SWERVE-data\data_original\gmu\gic_mean_df_1.csv does not exist. Skipping add_sim_site.
2026-10-06T15:24:47.278680Z INFO  info Adding nearest voltage to extended info_df
2026-10-06T15:24:51.890449Z INFO  info   Reading C:\Users\lwilker\Documents\GitHub\SWERVE-common\nerc_gdf\nerc_gdf.geojson
2026-10-06T15:24:52.220930Z INFO  info   Writing C:\Users\lwilker\Documents\GitHub\SWERVE-common\nerc_gdf\nerc_gdf_mapped.csv
2026-10-06T15:24:52.287410Z INFO  info Wrote C:\Users\lwilker\Documents\GitHub\SWERVE\info\tva_config\info.extended.csv
2026-10-06T15:24:52.287410Z INFO  info Preparing C:\Users\lwilker\Documents\GitHub\SWERVE\info\tva_config\info.extended.json
2026-10-06T15:24:52.290992Z INFO  info Writing C:\Users\lwilker\Documents\GitHub\SWERVE\info\tva_config\info.extended.json
2026-10-06T16:19:57.472477Z INFO  info    Adding sites for event 2015-03-17 from data source TVA to info.csv.
2026-10-06T16:19:57.486626Z WARN  info    Data type DMM not available for data source TVA. Skipping...
2026-10-06T16:19:57.487629Z WARN  info    Data type B not found for source TVA and event 2015-03-17. Skipping...
2026-10-06T16:19:57.487629Z INFO  info    Adding sites for event 2015-06-22 from data source TVA to info.csv.
2026-10-06T16:19:57.492629Z WARN  info    Data type DMM not available for data source TVA. Skipping...
2026-10-06T16:19:57.492629Z WARN  info    Data type B not found for source TVA and event 2015-06-22. Skipping...
2026-10-06T16:19:57.492629Z INFO  info    Adding sites for event 2014-09-11 from data source TVA to info.csv.
2026-10-06T16:19:57.496628Z WARN  info    Data type DMM not available for data source TVA. Skipping...
2026-10-06T16:19:57.497626Z WARN  info    Data type B not found for source TVA and event 2014-09-11. Skipping...
2026-10-06T16:19:57.497626Z INFO  info    Adding sites for event 2023-03-23 from data source TVA to info.csv.
2026-10-06T16:19:57.502268Z WARN  info    Data type DMM not available for data source TVA. Skipping...
2026-10-06T16:19:57.502268Z WARN  info    Data type B not found for source TVA and event 2023-03-23. Skipping...
2026-10-06T16:19:57.503268Z INFO  info    Adding sites for event 2016-02-17 from data source TVA to info.csv.
2026-10-06T16:19:57.506267Z WARN  info    Data type DMM not available for data source TVA. Skipping...
2026-10-06T16:19:57.507266Z WARN  info    Data type B not found for source TVA and event 2016-02-17. Skipping...
2026-10-06T16:19:57.507266Z INFO  info    Adding sites for event 2024-05-10 from data source TVA to info.csv.
2026-10-06T16:19:57.512266Z WARN  info    Data type DMM not available for data source TVA. Skipping...
2026-10-06T16:22:50.320963Z INFO  info    Adding sites for event 2015-03-17 from data source TVA to info.csv.
2026-10-06T16:22:50.320963Z WARN  info    Data type DMM not available for data source TVA. Skipping...
2026-10-06T16:22:50.320963Z WARN  info    Data type B not found for source TVA and event 2015-03-17. Skipping...
2026-10-06T16:22:50.320963Z INFO  info    Adding sites for event 2015-06-22 from data source TVA to info.csv.
2026-10-06T16:22:50.327182Z WARN  info    Data type DMM not available for data source TVA. Skipping...
2026-10-06T16:22:50.327182Z WARN  info    Data type B not found for source TVA and event 2015-06-22. Skipping...
2026-10-06T16:22:50.329773Z INFO  info    Adding sites for event 2014-09-11 from data source TVA to info.csv.
2026-10-06T16:22:50.330793Z WARN  info    Data type DMM not available for data source TVA. Skipping...
2026-10-06T16:22:50.330793Z WARN  info    Data type B not found for source TVA and event 2014-09-11. Skipping...
2026-10-06T16:22:50.330793Z INFO  info    Adding sites for event 2023-03-23 from data source TVA to info.csv.
2026-10-06T16:22:50.332740Z WARN  info    Data type DMM not available for data source TVA. Skipping...
2026-10-06T16:22:50.332740Z WARN  info    Data type B not found for source TVA and event 2023-03-23. Skipping...
2026-10-06T16:22:50.332740Z INFO  info    Adding sites for event 2016-02-17 from data source TVA to info.csv.
2026-10-06T16:22:50.334182Z WARN  info    Data type DMM not available for data source TVA. Skipping...
2026-10-06T16:22:50.334182Z WARN  info    Data type B not found for source TVA and event 2016-02-17. Skipping...
2026-10-06T16:22:50.334182Z INFO  info    Adding sites for event 2024-05-10 from data source TVA to info.csv.
2026-10-06T16:22:50.335249Z WARN  info    Data type DMM not available for data source TVA. Skipping...
2026-10-06T16:22:50.336743Z INFO  info    Adding sites for event 2015-10-07 from data source TVA to info.csv.
2026-10-06T16:22:50.338749Z WARN  info    Data type DMM not available for data source TVA. Skipping...
2026-10-06T16:22:50.339237Z WARN  info    Data type B not found for source TVA and event 2015-10-07. Skipping...
2026-10-06T16:22:50.397546Z INFO  info    Saving info to C:\Users\lwilker\Documents\GitHub\SWERVE\info\tva_config\info.csv
2026-10-06T16:22:50.412271Z INFO  info Reading C:\Users\lwilker\Documents\GitHub\SWERVE\info\tva_config\info.csv
2026-10-06T16:22:55.524272Z INFO  info Adding interpolated OTT beta and log10 beta columns to extended info_df
2026-10-06T16:22:55.524272Z INFO  info   Reading C:\Users\lwilker\Documents\GitHub\SWERVE-common\pulkkinen\waveforms_All.mat
2026-10-06T16:22:56.353096Z INFO  info Adding geomagnetic coordinates and alpha to extended info_df
2026-10-06T16:22:56.741018Z WARN  info Simulation file C:\Users\lwilker\Documents\GitHub\SWERVE-data\data_original\gmu\gic_mean_df_1.csv does not exist. Skipping add_sim_site.
2026-10-06T16:22:58.715914Z INFO  info Adding nearest voltage to extended info_df
2026-10-06T16:23:04.057139Z INFO  info   Reading C:\Users\lwilker\Documents\GitHub\SWERVE-common\nerc_gdf\nerc_gdf.geojson
2026-10-06T16:23:04.405800Z INFO  info   Writing C:\Users\lwilker\Documents\GitHub\SWERVE-common\nerc_gdf\nerc_gdf_mapped.csv
2026-10-06T16:23:04.458678Z INFO  info Wrote C:\Users\lwilker\Documents\GitHub\SWERVE\info\tva_config\info.extended.csv
2026-10-06T16:23:04.459788Z INFO  info Preparing C:\Users\lwilker\Documents\GitHub\SWERVE\info\tva_config\info.extended.json
2026-10-06T16:23:04.463546Z INFO  info Writing C:\Users\lwilker\Documents\GitHub\SWERVE\info\tva_config\info.extended.json
2026-10-06T16:29:52.909808Z INFO  info    Adding sites for event 2015-03-17 from data source TVA to info.csv.
2026-10-06T16:29:52.914124Z WARN  info    Data type DMM not available for data source TVA. Skipping...
2026-10-06T16:29:52.914124Z WARN  info    Data type B not found for source TVA and event 2015-03-17. Skipping...
2026-10-06T16:29:52.915141Z INFO  info    Adding sites for event 2015-06-22 from data source TVA to info.csv.
2026-10-06T16:29:52.918390Z WARN  info    Data type DMM not available for data source TVA. Skipping...
2026-10-06T16:29:52.919169Z WARN  info    Data type B not found for source TVA and event 2015-06-22. Skipping...
2026-10-06T16:29:52.919596Z INFO  info    Adding sites for event 2014-09-11 from data source TVA to info.csv.
2026-10-06T16:29:52.920598Z WARN  info    Data type DMM not available for data source TVA. Skipping...
2026-10-06T16:29:52.920598Z WARN  info    Data type B not found for source TVA and event 2014-09-11. Skipping...
2026-10-06T16:29:52.920598Z INFO  info    Adding sites for event 2023-03-23 from data source TVA to info.csv.
2026-10-06T16:29:52.920598Z WARN  info    Data type DMM not available for data source TVA. Skipping...
2026-10-06T16:29:52.921597Z WARN  info    Data type B not found for source TVA and event 2023-03-23. Skipping...
2026-10-06T16:29:52.921597Z INFO  info    Adding sites for event 2016-02-17 from data source TVA to info.csv.
2026-10-06T16:29:52.921597Z WARN  info    Data type DMM not available for data source TVA. Skipping...
2026-10-06T16:29:52.923046Z WARN  info    Data type B not found for source TVA and event 2016-02-17. Skipping...
2026-10-06T16:29:52.923046Z INFO  info    Adding sites for event 2024-05-10 from data source TVA to info.csv.
2026-10-06T16:29:52.923046Z WARN  info    Data type DMM not available for data source TVA. Skipping...
2026-10-06T16:29:52.923046Z INFO  info    Adding sites for event 2015-10-07 from data source TVA to info.csv.
2026-10-06T16:29:52.923046Z WARN  info    Data type DMM not available for data source TVA. Skipping...
2026-10-06T16:29:52.923046Z WARN  info    Data type B not found for source TVA and event 2015-10-07. Skipping...
2026-10-06T16:29:52.936565Z INFO  info    Saving info to C:\Users\lwilker\Documents\GitHub\SWERVE\info\tva_config\info.csv
2026-10-06T16:29:52.939865Z INFO  info Reading C:\Users\lwilker\Documents\GitHub\SWERVE\info\tva_config\info.csv
2026-10-06T16:29:53.663838Z INFO  info Adding interpolated OTT beta and log10 beta columns to extended info_df
2026-10-06T16:29:53.663838Z INFO  info   Reading C:\Users\lwilker\Documents\GitHub\SWERVE-common\pulkkinen\waveforms_All.mat
2026-10-06T16:29:54.290280Z INFO  info Adding geomagnetic coordinates and alpha to extended info_df
2026-10-06T16:29:54.722588Z WARN  info Simulation file C:\Users\lwilker\Documents\GitHub\SWERVE-data\data_original\gmu\gic_mean_df_1.csv does not exist. Skipping add_sim_site.
2026-10-06T16:29:55.326826Z INFO  info Adding nearest voltage to extended info_df
2026-10-06T16:30:00.392943Z INFO  info   Reading C:\Users\lwilker\Documents\GitHub\SWERVE-common\nerc_gdf\nerc_gdf.geojson
2026-10-06T16:30:00.720675Z INFO  info   Writing C:\Users\lwilker\Documents\GitHub\SWERVE-common\nerc_gdf\nerc_gdf_mapped.csv
2026-10-06T16:30:00.782315Z INFO  info Wrote C:\Users\lwilker\Documents\GitHub\SWERVE\info\tva_config\info.extended.csv
2026-10-06T16:30:00.782315Z INFO  info Preparing C:\Users\lwilker\Documents\GitHub\SWERVE\info\tva_config\info.extended.json
2026-10-06T16:30:00.785460Z INFO  info Writing C:\Users\lwilker\Documents\GitHub\SWERVE\info\tva_config\info.extended.json
2026-10-06T23:55:21.648427Z INFO  info    Adding sites for event 2015-03-17 from data source TVA to info.csv.
2026-10-06T23:55:21.679005Z WARN  info    Data type DMM not available for data source TVA. Skipping...
2026-10-06T23:55:21.679005Z WARN  info    Data type B not found for source TVA and event 2015-03-17. Skipping...
2026-10-06T23:55:21.686338Z INFO  info    Adding sites for event 2015-06-22 from data source TVA to info.csv.
2026-10-06T23:55:21.691322Z WARN  info    Data type DMM not available for data source TVA. Skipping...
2026-10-06T23:55:21.691962Z WARN  info    Data type B not found for source TVA and event 2015-06-22. Skipping...
2026-10-06T23:55:21.691962Z INFO  info    Adding sites for event 2014-09-11 from data source TVA to info.csv.
2026-10-06T23:55:21.691962Z WARN  info    Data type DMM not available for data source TVA. Skipping...
2026-10-06T23:55:21.694870Z WARN  info    Data type B not found for source TVA and event 2014-09-11. Skipping...
2026-10-06T23:55:21.694870Z INFO  info    Adding sites for event 2023-03-23 from data source TVA to info.csv.
2026-10-06T23:55:21.698090Z WARN  info    Data type DMM not available for data source TVA. Skipping...
2026-10-06T23:55:21.698090Z WARN  info    Data type B not found for source TVA and event 2023-03-23. Skipping...
2026-10-06T23:55:21.702437Z INFO  info    Adding sites for event 2016-02-17 from data source TVA to info.csv.
2026-10-06T23:55:21.704451Z WARN  info    Data type DMM not available for data source TVA. Skipping...
2026-10-06T23:55:21.704451Z WARN  info    Data type B not found for source TVA and event 2016-02-17. Skipping...
2026-10-06T23:55:21.707325Z INFO  info    Adding sites for event 2024-05-10 from data source TVA to info.csv.
2026-10-06T23:55:21.721339Z WARN  info    Data type DMM not available for data source TVA. Skipping...
2026-10-06T23:55:21.745514Z INFO  info    Adding sites for event 2015-10-07 from data source TVA to info.csv.
2026-10-06T23:55:21.749822Z WARN  info    Data type DMM not available for data source TVA. Skipping...
2026-10-06T23:55:21.751088Z WARN  info    Data type B not found for source TVA and event 2015-10-07. Skipping...
2026-10-06T23:55:21.837130Z INFO  info    Saving info to C:\Users\lwilker\Documents\GitHub\SWERVE\info\tva_config\info.csv
2026-10-06T23:55:21.866128Z INFO  info Reading C:\Users\lwilker\Documents\GitHub\SWERVE\info\tva_config\info.csv
2026-10-06T23:55:31.832681Z INFO  info Adding interpolated OTT beta and log10 beta columns to extended info_df
2026-10-06T23:55:31.832681Z INFO  info   Reading C:\Users\lwilker\Documents\GitHub\SWERVE-common\pulkkinen\waveforms_All.mat
2026-10-06T23:55:34.017451Z INFO  info Adding geomagnetic coordinates and alpha to extended info_df
2026-10-06T23:55:34.989790Z WARN  info Simulation file C:\Users\lwilker\Documents\GitHub\SWERVE-data\data_original\gmu\gic_mean_df_1.csv does not exist. Skipping add_sim_site.
2026-10-06T23:55:41.537552Z INFO  info Adding nearest voltage to extended info_df
2026-10-06T23:55:52.923356Z INFO  info   Reading C:\Users\lwilker\Documents\GitHub\SWERVE-common\nerc_gdf\nerc_gdf.geojson
2026-10-06T23:55:54.204572Z INFO  info   Writing C:\Users\lwilker\Documents\GitHub\SWERVE-common\nerc_gdf\nerc_gdf_mapped.csv
2026-10-06T23:55:54.390280Z INFO  info Wrote C:\Users\lwilker\Documents\GitHub\SWERVE\info\tva_config\info.extended.csv
2026-10-06T23:55:54.390280Z INFO  info Preparing C:\Users\lwilker\Documents\GitHub\SWERVE\info\tva_config\info.extended.json
2026-10-06T23:55:54.407110Z INFO  info Writing C:\Users\lwilker\Documents\GitHub\SWERVE\info\tva_config\info.extended.json
