2026-09-30T04:08:30.969268Z INFO  info    Adding sites for event 2003-10-29 from data source Nahayo to info.csv.
2026-09-30T04:08:30.969268Z INFO  info    No calculated GIC data for Nahayo. Skipping...
2026-09-30T04:08:31.000484Z INFO  info    No calculated DMM data for Nahayo. Skipping...
2026-09-30T04:08:31.000484Z WARN  info    Data type DMM not found for source Nahayo and event 2003-10-29. Skipping...
2026-09-30T04:08:31.000484Z INFO  info    No calculated B data for Nahayo. Skipping...
2026-09-30T04:08:31.000484Z WARN  info    Data type B not found for source Nahayo and event 2003-10-29. Skipping...
2026-09-30T04:08:31.000484Z INFO  info    Adding sites for event 2015-03-17 from data source Nahayo to info.csv.
2026-09-30T04:08:31.000484Z INFO  info    No calculated GIC data for Nahayo. Skipping...
2026-09-30T04:08:31.026718Z INFO  info    No calculated DMM data for Nahayo. Skipping...
2026-09-30T04:08:31.026718Z WARN  info    Data type DMM not found for source Nahayo and event 2015-03-17. Skipping...
2026-09-30T04:08:31.026718Z INFO  info    No calculated B data for Nahayo. Skipping...
2026-09-30T04:08:31.026718Z WARN  info    Data type B not found for source Nahayo and event 2015-03-17. Skipping...
2026-09-30T04:08:31.082790Z INFO  info    Saving info to C:\Users\lwilker\Documents\GitHub\SWERVE\info\nahayo_config\info.csv
2026-09-30T04:08:31.114479Z INFO  info Reading C:\Users\lwilker\Documents\GitHub\SWERVE\info\nahayo_config\info.csv
2026-09-30T04:08:39.640446Z INFO  info Adding interpolated OTT beta and log10 beta columns to extended info_df
2026-09-30T04:08:39.640446Z INFO  info   Reading C:\Users\lwilker\Documents\GitHub\SWERVE-common\pulkkinen\waveforms_All.mat
2026-09-30T04:08:41.114336Z WARN  info     Warning: Could not interpolate beta for site Grassridge at (-33.7,25.6)
2026-09-30T04:08:41.114336Z WARN  info     Warning: Could not interpolate beta for site Matimba at (-23.7,27.6)
2026-09-30T04:08:41.562431Z INFO  info Adding geomagnetic coordinates and alpha to extended info_df
2026-09-30T04:08:41.629933Z WARN  info Simulation file C:\Users\lwilker\Documents\GitHub\SWERVE-data\data_original\gmu\gic_mean_df_1.csv does not exist. Skipping add_sim_site.
2026-09-30T04:08:48.581769Z INFO  info Adding nearest voltage to extended info_df
2026-09-30T04:08:58.736511Z INFO  info Skipping nearest voltage: sites outside of CONUS.
2026-09-30T04:08:58.736511Z INFO  info   Reading C:\Users\lwilker\Documents\GitHub\SWERVE-common\nerc_gdf\nerc_gdf.geojson
2026-09-30T04:09:01.455338Z INFO  info   Writing C:\Users\lwilker\Documents\GitHub\SWERVE-common\nerc_gdf\nerc_gdf_mapped.csv
2026-09-30T04:09:01.584073Z INFO  info Wrote C:\Users\lwilker\Documents\GitHub\SWERVE\info\nahayo_config\info.extended.csv
2026-09-30T04:09:01.584073Z INFO  info Preparing C:\Users\lwilker\Documents\GitHub\SWERVE\info\nahayo_config\info.extended.json
2026-09-30T04:09:01.584073Z INFO  info Writing C:\Users\lwilker\Documents\GitHub\SWERVE\info\nahayo_config\info.extended.json
