2026-10-02T15:48:48.878854Z INFO  info    Adding sites for event 2006-11-28 from data source Watari to info.csv.
2026-10-02T15:48:48.878854Z INFO  info    No calculated GIC data for Watari. Skipping...
2026-10-02T15:49:06.816627Z INFO  info    Adding sites for event 2006-11-28 from data source Watari to info.csv.
2026-10-02T15:49:06.816627Z INFO  info    No calculated GIC data for Watari. Skipping...
2026-10-02T15:49:29.381354Z INFO  info    Adding sites for event 2006-11-28 from data source Watari to info.csv.
2026-10-02T15:49:29.381354Z INFO  info    No calculated GIC data for Watari. Skipping...
2026-10-02T15:49:42.879884Z INFO  info    Adding sites for event 2006-11-28 from data source Watari to info.csv.
2026-10-02T15:49:42.880893Z INFO  info    No calculated GIC data for Watari. Skipping...
2026-10-02T15:49:46.974422Z INFO  info    Adding sites for event 2006-11-28 from data source Watari to info.csv.
2026-10-02T15:49:46.974422Z INFO  info    No calculated GIC data for Watari. Skipping...
2026-10-02T15:49:58.098111Z INFO  info    Adding sites for event 2006-11-28 from data source Watari to info.csv.
2026-10-02T15:49:58.098111Z INFO  info    No calculated GIC data for Watari. Skipping...
2026-10-02T15:56:47.511306Z INFO  info    Adding sites for event 2006-11-28 from data source Watari to info.csv.
2026-10-02T15:56:47.512738Z INFO  info    No calculated GIC data for Watari. Skipping...
2026-10-02T15:57:02.737497Z INFO  info    Adding sites for event 2006-11-28 from data source Watari to info.csv.
2026-10-02T15:57:02.737497Z INFO  info    No calculated GIC data for Watari. Skipping...
2026-10-02T15:57:02.737497Z INFO  info    No calculated DMM data for Watari. Skipping...
2026-10-02T15:57:02.737497Z WARN  info    Data type DMM not found for source Watari and event 2006-11-28. Skipping...
2026-10-02T15:57:02.739506Z INFO  info    No calculated B data for Watari. Skipping...
2026-10-02T15:57:02.739949Z WARN  info    Data type B not found for source Watari and event 2006-11-28. Skipping...
2026-10-02T15:57:02.740362Z INFO  info    Adding sites for event 2006-04-02 from data source Watari to info.csv.
2026-10-02T15:57:02.740362Z INFO  info    No calculated GIC data for Watari. Skipping...
2026-10-02T15:57:02.741409Z INFO  info    No calculated DMM data for Watari. Skipping...
2026-10-02T15:57:02.741409Z WARN  info    Data type DMM not found for source Watari and event 2006-04-02. Skipping...
2026-10-02T15:57:02.741409Z INFO  info    No calculated B data for Watari. Skipping...
2026-10-02T15:57:02.741409Z WARN  info    Data type B not found for source Watari and event 2006-04-02. Skipping...
2026-10-02T15:57:02.741409Z INFO  info    Adding sites for event 2006-08-05 from data source Watari to info.csv.
2026-10-02T15:57:02.741409Z INFO  info    No calculated GIC data for Watari. Skipping...
2026-10-02T15:57:02.742401Z INFO  info    No calculated DMM data for Watari. Skipping...
2026-10-02T15:57:02.742401Z WARN  info    Data type DMM not found for source Watari and event 2006-08-05. Skipping...
2026-10-02T15:57:02.742401Z INFO  info    No calculated B data for Watari. Skipping...
2026-10-02T15:57:02.742401Z WARN  info    Data type B not found for source Watari and event 2006-08-05. Skipping...
2026-10-02T15:57:02.742401Z INFO  info    Adding sites for event 2006-08-17 from data source Watari to info.csv.
2026-10-02T15:57:02.742401Z INFO  info    No calculated GIC data for Watari. Skipping...
2026-10-02T15:57:02.742401Z INFO  info    No calculated DMM data for Watari. Skipping...
2026-10-02T15:57:02.742401Z WARN  info    Data type DMM not found for source Watari and event 2006-08-17. Skipping...
2026-10-02T15:57:02.742401Z INFO  info    No calculated B data for Watari. Skipping...
2026-10-02T15:57:02.743896Z WARN  info    Data type B not found for source Watari and event 2006-08-17. Skipping...
2026-10-02T15:57:02.743896Z INFO  info    Adding sites for event 2006-11-07 from data source Watari to info.csv.
2026-10-02T15:57:02.743896Z INFO  info    No calculated GIC data for Watari. Skipping...
2026-10-02T15:57:02.743896Z INFO  info    No calculated DMM data for Watari. Skipping...
2026-10-02T15:57:02.744909Z WARN  info    Data type DMM not found for source Watari and event 2006-11-07. Skipping...
2026-10-02T15:57:02.744909Z INFO  info    No calculated B data for Watari. Skipping...
2026-10-02T15:57:02.744909Z WARN  info    Data type B not found for source Watari and event 2006-11-07. Skipping...
2026-10-02T15:57:02.744909Z INFO  info    Adding sites for event 2006-12-14 from data source Watari to info.csv.
2026-10-02T15:57:02.744909Z INFO  info    No calculated GIC data for Watari. Skipping...
2026-10-02T15:57:02.744909Z INFO  info    No calculated DMM data for Watari. Skipping...
2026-10-02T15:57:02.745898Z WARN  info    Data type DMM not found for source Watari and event 2006-12-14. Skipping...
2026-10-02T15:57:02.745898Z INFO  info    No calculated B data for Watari. Skipping...
2026-10-02T15:57:02.745898Z WARN  info    Data type B not found for source Watari and event 2006-12-14. Skipping...
2026-10-02T15:57:02.745898Z INFO  info    Adding sites for event 2007-11-18 from data source Watari to info.csv.
2026-10-02T15:57:02.745898Z INFO  info    No calculated GIC data for Watari. Skipping...
2026-10-02T15:57:02.745898Z INFO  info    No calculated DMM data for Watari. Skipping...
2026-10-02T15:57:02.746920Z WARN  info    Data type DMM not found for source Watari and event 2007-11-18. Skipping...
2026-10-02T15:57:02.746920Z INFO  info    No calculated B data for Watari. Skipping...
2026-10-02T15:57:02.746920Z WARN  info    Data type B not found for source Watari and event 2007-11-18. Skipping...
2026-10-02T15:57:02.746920Z INFO  info    Adding sites for event 2006-07-25 from data source Watari to info.csv.
2026-10-02T15:57:02.746920Z INFO  info    No calculated GIC data for Watari. Skipping...
2026-10-02T15:57:02.746920Z INFO  info    No calculated DMM data for Watari. Skipping...
2026-10-02T15:57:02.746920Z WARN  info    Data type DMM not found for source Watari and event 2006-07-25. Skipping...
2026-10-02T15:57:02.747916Z INFO  info    No calculated B data for Watari. Skipping...
2026-10-02T15:57:02.747916Z WARN  info    Data type B not found for source Watari and event 2006-07-25. Skipping...
2026-10-02T15:57:02.774399Z INFO  info    Saving info to C:\Users\lwilker\Documents\GitHub\SWERVE\info\watari_config\info.csv
2026-10-02T15:57:02.796419Z INFO  info Reading C:\Users\lwilker\Documents\GitHub\SWERVE\info\watari_config\info.csv
2026-10-02T15:57:07.404447Z INFO  info Adding interpolated OTT beta and log10 beta columns to extended info_df
2026-10-02T15:57:07.404447Z INFO  info   Reading C:\Users\lwilker\Documents\GitHub\SWERVE-common\pulkkinen\waveforms_All.mat
2026-10-02T15:57:07.898671Z WARN  info     Warning: Could not interpolate beta for site Memanbetsu at (43.83,144.22)
2026-10-02T15:57:07.898671Z WARN  info     Warning: Could not interpolate beta for site Memanbetsu at (43.83,144.22)
2026-10-02T15:57:07.898671Z WARN  info     Warning: Could not interpolate beta for site Memanbetsu at (43.83,144.22)
2026-10-02T15:57:07.898671Z WARN  info     Warning: Could not interpolate beta for site Memanbetsu at (43.83,144.22)
2026-10-02T15:57:07.898671Z WARN  info     Warning: Could not interpolate beta for site Memanbetsu at (43.83,144.22)
2026-10-02T15:57:07.898671Z WARN  info     Warning: Could not interpolate beta for site Memanbetsu at (43.83,144.22)
2026-10-02T15:57:07.898671Z WARN  info     Warning: Could not interpolate beta for site Memanbetsu at (43.83,144.22)
2026-10-02T15:57:07.898671Z WARN  info     Warning: Could not interpolate beta for site Memanbetsu at (43.83,144.22)
2026-10-02T15:57:08.106624Z INFO  info Adding geomagnetic coordinates and alpha to extended info_df
2026-10-02T15:57:08.182147Z WARN  info Simulation file C:\Users\lwilker\Documents\GitHub\SWERVE-data\data_original\gmu\gic_mean_df_1.csv does not exist. Skipping add_sim_site.
2026-10-02T15:57:12.493361Z INFO  info Adding nearest voltage to extended info_df
2026-10-02T15:57:17.260837Z INFO  info Skipping nearest voltage: sites outside of CONUS.
2026-10-02T15:57:17.262173Z INFO  info   Reading C:\Users\lwilker\Documents\GitHub\SWERVE-common\nerc_gdf\nerc_gdf.geojson
2026-10-02T15:57:18.659466Z INFO  info   Writing C:\Users\lwilker\Documents\GitHub\SWERVE-common\nerc_gdf\nerc_gdf_mapped.csv
2026-10-02T15:57:18.716932Z INFO  info Wrote C:\Users\lwilker\Documents\GitHub\SWERVE\info\watari_config\info.extended.csv
2026-10-02T15:57:18.716932Z INFO  info Preparing C:\Users\lwilker\Documents\GitHub\SWERVE\info\watari_config\info.extended.json
2026-10-02T15:57:18.716932Z INFO  info Writing C:\Users\lwilker\Documents\GitHub\SWERVE\info\watari_config\info.extended.json
2026-10-02T15:59:10.082460Z INFO  info    Adding sites for event 2006-11-28 from data source Watari to info.csv.
2026-10-02T15:59:10.082460Z INFO  info    No calculated GIC data for Watari. Skipping...
2026-10-02T15:59:10.082460Z INFO  info    No calculated DMM data for Watari. Skipping...
2026-10-02T15:59:10.082460Z INFO  info    No calculated B data for Watari. Skipping...
2026-10-02T15:59:10.082460Z INFO  info    Adding sites for event 2006-04-02 from data source Watari to info.csv.
2026-10-02T15:59:10.082460Z INFO  info    No calculated GIC data for Watari. Skipping...
2026-10-02T15:59:10.085624Z INFO  info    No calculated DMM data for Watari. Skipping...
2026-10-02T15:59:10.085957Z INFO  info    No calculated B data for Watari. Skipping...
2026-10-02T15:59:10.086986Z INFO  info    Adding sites for event 2006-08-05 from data source Watari to info.csv.
2026-10-02T15:59:10.086986Z INFO  info    No calculated GIC data for Watari. Skipping...
2026-10-02T15:59:10.086986Z INFO  info    No calculated DMM data for Watari. Skipping...
2026-10-02T15:59:10.088021Z INFO  info    No calculated B data for Watari. Skipping...
2026-10-02T15:59:10.088021Z INFO  info    Adding sites for event 2006-08-17 from data source Watari to info.csv.
2026-10-02T15:59:10.088021Z INFO  info    No calculated GIC data for Watari. Skipping...
2026-10-02T15:59:10.088021Z INFO  info    No calculated DMM data for Watari. Skipping...
2026-10-02T15:59:10.089054Z INFO  info    No calculated B data for Watari. Skipping...
2026-10-02T15:59:10.089862Z INFO  info    Adding sites for event 2006-11-07 from data source Watari to info.csv.
2026-10-02T15:59:10.089862Z INFO  info    No calculated GIC data for Watari. Skipping...
2026-10-02T15:59:10.089862Z INFO  info    No calculated DMM data for Watari. Skipping...
2026-10-02T15:59:10.089862Z INFO  info    No calculated B data for Watari. Skipping...
2026-10-02T15:59:10.090988Z INFO  info    Adding sites for event 2006-12-14 from data source Watari to info.csv.
2026-10-02T15:59:10.090988Z INFO  info    No calculated GIC data for Watari. Skipping...
2026-10-02T15:59:10.090988Z INFO  info    No calculated DMM data for Watari. Skipping...
2026-10-02T15:59:10.090988Z INFO  info    No calculated B data for Watari. Skipping...
2026-10-02T15:59:10.090988Z INFO  info    Adding sites for event 2007-11-18 from data source Watari to info.csv.
2026-10-02T15:59:10.090988Z INFO  info    No calculated GIC data for Watari. Skipping...
2026-10-02T15:59:10.090988Z INFO  info    No calculated DMM data for Watari. Skipping...
2026-10-02T15:59:10.090988Z INFO  info    No calculated B data for Watari. Skipping...
2026-10-02T15:59:10.093725Z INFO  info    Adding sites for event 2006-07-25 from data source Watari to info.csv.
2026-10-02T15:59:10.093725Z INFO  info    No calculated GIC data for Watari. Skipping...
2026-10-02T15:59:10.093725Z INFO  info    No calculated DMM data for Watari. Skipping...
2026-10-02T15:59:10.093725Z INFO  info    No calculated B data for Watari. Skipping...
2026-10-02T15:59:10.104075Z INFO  info    Saving info to C:\Users\lwilker\Documents\GitHub\SWERVE\info\watari_config\info.csv
2026-10-02T15:59:10.106190Z INFO  info Reading C:\Users\lwilker\Documents\GitHub\SWERVE\info\watari_config\info.csv
2026-10-02T15:59:10.537137Z INFO  info Adding interpolated OTT beta and log10 beta columns to extended info_df
2026-10-02T15:59:10.537137Z INFO  info   Reading C:\Users\lwilker\Documents\GitHub\SWERVE-common\pulkkinen\waveforms_All.mat
2026-10-02T15:59:11.063305Z WARN  info     Warning: Could not interpolate beta for site Memanbetsu at (43.83,144.22)
2026-10-02T15:59:11.063305Z WARN  info     Warning: Could not interpolate beta for site Memanbetsu at (43.91,144.189)
2026-10-02T15:59:11.063305Z WARN  info     Warning: Could not interpolate beta for site Memanbetsu at (43.83,144.22)
2026-10-02T15:59:11.063305Z WARN  info     Warning: Could not interpolate beta for site Memanbetsu at (43.91,144.189)
2026-10-02T15:59:11.063305Z WARN  info     Warning: Could not interpolate beta for site Memanbetsu at (43.83,144.22)
2026-10-02T15:59:11.063305Z WARN  info     Warning: Could not interpolate beta for site Memanbetsu at (43.91,144.189)
2026-10-02T15:59:11.063305Z WARN  info     Warning: Could not interpolate beta for site Memanbetsu at (43.83,144.22)
2026-10-02T15:59:11.063305Z WARN  info     Warning: Could not interpolate beta for site Memanbetsu at (43.91,144.189)
2026-10-02T15:59:11.063305Z WARN  info     Warning: Could not interpolate beta for site Memanbetsu at (43.83,144.22)
2026-10-02T15:59:11.063305Z WARN  info     Warning: Could not interpolate beta for site Memanbetsu at (43.91,144.189)
2026-10-02T15:59:11.063305Z WARN  info     Warning: Could not interpolate beta for site Memanbetsu at (43.83,144.22)
2026-10-02T15:59:11.063305Z WARN  info     Warning: Could not interpolate beta for site Memanbetsu at (43.91,144.189)
2026-10-02T15:59:11.063305Z WARN  info     Warning: Could not interpolate beta for site Memanbetsu at (43.83,144.22)
2026-10-02T15:59:11.063305Z WARN  info     Warning: Could not interpolate beta for site Memanbetsu at (43.91,144.189)
2026-10-02T15:59:11.063305Z WARN  info     Warning: Could not interpolate beta for site Memanbetsu at (43.83,144.22)
2026-10-02T15:59:11.063305Z WARN  info     Warning: Could not interpolate beta for site Memanbetsu at (43.91,144.189)
2026-10-02T15:59:11.134022Z INFO  info Adding geomagnetic coordinates and alpha to extended info_df
2026-10-02T15:59:11.254445Z WARN  info Simulation file C:\Users\lwilker\Documents\GitHub\SWERVE-data\data_original\gmu\gic_mean_df_1.csv does not exist. Skipping add_sim_site.
2026-10-02T15:59:11.645136Z INFO  info Adding nearest voltage to extended info_df
2026-10-02T15:59:16.037252Z INFO  info Skipping nearest voltage: sites outside of CONUS.
2026-10-02T15:59:16.037252Z INFO  info   Reading C:\Users\lwilker\Documents\GitHub\SWERVE-common\nerc_gdf\nerc_gdf.geojson
2026-10-02T15:59:16.521239Z INFO  info   Writing C:\Users\lwilker\Documents\GitHub\SWERVE-common\nerc_gdf\nerc_gdf_mapped.csv
2026-10-02T15:59:16.564738Z INFO  info Wrote C:\Users\lwilker\Documents\GitHub\SWERVE\info\watari_config\info.extended.csv
2026-10-02T15:59:16.564738Z INFO  info Preparing C:\Users\lwilker\Documents\GitHub\SWERVE\info\watari_config\info.extended.json
2026-10-02T15:59:16.564738Z INFO  info Writing C:\Users\lwilker\Documents\GitHub\SWERVE\info\watari_config\info.extended.json
