[2026-10-02T19:48:48.889347Z] Uncaught exception
Traceback (most recent call last):
  File "C:\Users\lwilker\Documents\GitHub\SWERVE\info.py", line 679, in <module>
    write_info_csv()
  File "C:\Users\lwilker\Documents\GitHub\SWERVE\swerve\__init__.py", line 14, in write_info_csv
    return write_info_csv_impl()
           ^^^^^^^^^^^^^^^^^^^^^
  File "C:\Users\lwilker\Documents\GitHub\SWERVE\swerve\util.py", line 397, in write_info_csv
    with open(file, 'r') as csvfile:
         ^^^^^^^^^^^^^^^
FileNotFoundError: [Errno 2] No such file or directory: 'C:\\Users\\lwilker\\Documents\\GitHub\\SWERVE-data\\data_original\\watari\\2006-11-28\\watari_2009_info.csv'

[2026-10-02T19:48:48.893181Z] Uncaught exception
Traceback (most recent call last):
  File "C:\Users\lwilker\Documents\GitHub\SWERVE\info.py", line 679, in <module>
    write_info_csv()
  File "C:\Users\lwilker\Documents\GitHub\SWERVE\swerve\__init__.py", line 14, in write_info_csv
    return write_info_csv_impl()
           ^^^^^^^^^^^^^^^^^^^^^
  File "C:\Users\lwilker\Documents\GitHub\SWERVE\swerve\util.py", line 397, in write_info_csv
    with open(file, 'r') as csvfile:
         ^^^^^^^^^^^^^^^
FileNotFoundError: [Errno 2] No such file or directory: 'C:\\Users\\lwilker\\Documents\\GitHub\\SWERVE-data\\data_original\\watari\\2006-11-28\\watari_2009_info.csv'

[2026-10-02T19:49:29.381354Z] Uncaught exception
Traceback (most recent call last):
  File "C:\Users\lwilker\Documents\GitHub\SWERVE\info.py", line 679, in <module>
    write_info_csv()
  File "C:\Users\lwilker\Documents\GitHub\SWERVE\swerve\__init__.py", line 14, in write_info_csv
    return write_info_csv_impl()
           ^^^^^^^^^^^^^^^^^^^^^
  File "C:\Users\lwilker\Documents\GitHub\SWERVE\swerve\util.py", line 400, in write_info_csv
    print(rows[0])
          ~~~~^^^
TypeError: '_csv.reader' object is not subscriptable

[2026-10-02T19:49:29.394887Z] Uncaught exception
Traceback (most recent call last):
  File "C:\Users\lwilker\Documents\GitHub\SWERVE\info.py", line 679, in <module>
    write_info_csv()
  File "C:\Users\lwilker\Documents\GitHub\SWERVE\swerve\__init__.py", line 14, in write_info_csv
    return write_info_csv_impl()
           ^^^^^^^^^^^^^^^^^^^^^
  File "C:\Users\lwilker\Documents\GitHub\SWERVE\swerve\util.py", line 400, in write_info_csv
    print(rows[0])
          ~~~~^^^
TypeError: '_csv.reader' object is not subscriptable

[2026-10-02T19:49:42.882302Z] Uncaught exception
Traceback (most recent call last):
  File "C:\Users\lwilker\Documents\GitHub\SWERVE\info.py", line 679, in <module>
    write_info_csv()
  File "C:\Users\lwilker\Documents\GitHub\SWERVE\swerve\__init__.py", line 14, in write_info_csv
    return write_info_csv_impl()
           ^^^^^^^^^^^^^^^^^^^^^
  File "C:\Users\lwilker\Documents\GitHub\SWERVE\swerve\util.py", line 400, in write_info_csv
    print(list(rows[0]))
               ~~~~^^^
TypeError: '_csv.reader' object is not subscriptable

[2026-10-02T19:49:42.884814Z] Uncaught exception
Traceback (most recent call last):
  File "C:\Users\lwilker\Documents\GitHub\SWERVE\info.py", line 679, in <module>
    write_info_csv()
  File "C:\Users\lwilker\Documents\GitHub\SWERVE\swerve\__init__.py", line 14, in write_info_csv
    return write_info_csv_impl()
           ^^^^^^^^^^^^^^^^^^^^^
  File "C:\Users\lwilker\Documents\GitHub\SWERVE\swerve\util.py", line 400, in write_info_csv
    print(list(rows[0]))
               ~~~~^^^
TypeError: '_csv.reader' object is not subscriptable

[2026-10-02T19:49:46.985045Z] Uncaught exception
Traceback (most recent call last):
  File "C:\Users\lwilker\Documents\GitHub\SWERVE\info.py", line 679, in <module>
    write_info_csv()
  File "C:\Users\lwilker\Documents\GitHub\SWERVE\swerve\__init__.py", line 14, in write_info_csv
    return write_info_csv_impl()
           ^^^^^^^^^^^^^^^^^^^^^
  File "C:\Users\lwilker\Documents\GitHub\SWERVE\swerve\util.py", line 400, in write_info_csv
    print(list(rows[0]))
               ~~~~^^^
TypeError: '_csv.reader' object is not subscriptable

[2026-10-02T19:49:46.986118Z] Uncaught exception
Traceback (most recent call last):
  File "C:\Users\lwilker\Documents\GitHub\SWERVE\info.py", line 679, in <module>
    write_info_csv()
  File "C:\Users\lwilker\Documents\GitHub\SWERVE\swerve\__init__.py", line 14, in write_info_csv
    return write_info_csv_impl()
           ^^^^^^^^^^^^^^^^^^^^^
  File "C:\Users\lwilker\Documents\GitHub\SWERVE\swerve\util.py", line 400, in write_info_csv
    print(list(rows[0]))
               ~~~~^^^
TypeError: '_csv.reader' object is not subscriptable

[2026-10-02T19:56:47.513086Z] Uncaught exception
Traceback (most recent call last):
  File "C:\Users\lwilker\Documents\GitHub\SWERVE\info.py", line 679, in <module>
    write_info_csv()
  File "C:\Users\lwilker\Documents\GitHub\SWERVE\swerve\__init__.py", line 14, in write_info_csv
    return write_info_csv_impl()
           ^^^^^^^^^^^^^^^^^^^^^
  File "C:\Users\lwilker\Documents\GitHub\SWERVE\swerve\util.py", line 402, in write_info_csv
    info_list = _add_info_row(info_list, row[0], float(row[1]), float(row[2]), data_type, data_class, data_source, event)
                                                                                          ^^^^^^^^^^
UnboundLocalError: cannot access local variable 'data_class' where it is not associated with a value

[2026-10-02T19:56:47.515629Z] Uncaught exception
Traceback (most recent call last):
  File "C:\Users\lwilker\Documents\GitHub\SWERVE\info.py", line 679, in <module>
    write_info_csv()
  File "C:\Users\lwilker\Documents\GitHub\SWERVE\swerve\__init__.py", line 14, in write_info_csv
    return write_info_csv_impl()
           ^^^^^^^^^^^^^^^^^^^^^
  File "C:\Users\lwilker\Documents\GitHub\SWERVE\swerve\util.py", line 402, in write_info_csv
    info_list = _add_info_row(info_list, row[0], float(row[1]), float(row[2]), data_type, data_class, data_source, event)
                                                                                          ^^^^^^^^^^
UnboundLocalError: cannot access local variable 'data_class' where it is not associated with a value

