[2026-09-24T09:47:04.911112Z] Uncaught exception
Traceback (most recent call last):
  File "C:\Users\lwilker\Documents\GitHub\SWERVE\info.py", line 684, in <module>
    add_geomag(info_df, CONFIG['event'])
  File "C:\Users\lwilker\Documents\GitHub\SWERVE\info.py", line 103, in add_geomag
    test_stat = get_geomag_coords(row, events)
                ^^^^^^^^^^^^^^^^^^^^^^^^^^^^^^
  File "C:\Users\lwilker\Documents\GitHub\SWERVE\info.py", line 93, in get_geomag_coords
    date = event_dict[event]['data_limits'][0]
           ~~~~~~~~~~^^^^^^^
KeyError: '2024-05-10'

[2026-09-24T09:48:25.108556Z] Uncaught exception
Traceback (most recent call last):
  File "C:\Users\lwilker\Documents\GitHub\SWERVE\info.py", line 681, in <module>
    info_df = pd.read_csv(CONFIG['files']['info'])
              ^^^^^^^^^^^^^^^^^^^^^^^^^^^^^^^^^^^^
  File "C:\Users\lwilker\AppData\Local\Packages\PythonSoftwareFoundation.Python.3.12_qbz5n2kfra8p0\LocalCache\local-packages\Python312\site-packages\pandas\io\parsers\readers.py", line 1026, in read_csv
    return _read(filepath_or_buffer, kwds)
           ^^^^^^^^^^^^^^^^^^^^^^^^^^^^^^^
  File "C:\Users\lwilker\AppData\Local\Packages\PythonSoftwareFoundation.Python.3.12_qbz5n2kfra8p0\LocalCache\local-packages\Python312\site-packages\pandas\io\parsers\readers.py", line 620, in _read
    parser = TextFileReader(filepath_or_buffer, **kwds)
             ^^^^^^^^^^^^^^^^^^^^^^^^^^^^^^^^^^^^^^^^^^
  File "C:\Users\lwilker\AppData\Local\Packages\PythonSoftwareFoundation.Python.3.12_qbz5n2kfra8p0\LocalCache\local-packages\Python312\site-packages\pandas\io\parsers\readers.py", line 1620, in __init__
    self._engine = self._make_engine(f, self.engine)
                   ^^^^^^^^^^^^^^^^^^^^^^^^^^^^^^^^^
  File "C:\Users\lwilker\AppData\Local\Packages\PythonSoftwareFoundation.Python.3.12_qbz5n2kfra8p0\LocalCache\local-packages\Python312\site-packages\pandas\io\parsers\readers.py", line 1898, in _make_engine
    return mapping[engine](f, **self.options)
           ^^^^^^^^^^^^^^^^^^^^^^^^^^^^^^^^^^
  File "C:\Users\lwilker\AppData\Local\Packages\PythonSoftwareFoundation.Python.3.12_qbz5n2kfra8p0\LocalCache\local-packages\Python312\site-packages\pandas\io\parsers\c_parser_wrapper.py", line 93, in __init__
    self._reader = parsers.TextReader(src, **kwds)
                   ^^^^^^^^^^^^^^^^^^^^^^^^^^^^^^^
  File "parsers.pyx", line 581, in pandas._libs.parsers.TextReader.__cinit__
pandas.errors.EmptyDataError: No columns to parse from file

[2026-09-24T09:48:25.174735Z] Uncaught exception
Traceback (most recent call last):
  File "C:\Users\lwilker\Documents\GitHub\SWERVE\info.py", line 681, in <module>
    info_df = pd.read_csv(CONFIG['files']['info'])
              ^^^^^^^^^^^^^^^^^^^^^^^^^^^^^^^^^^^^
  File "C:\Users\lwilker\AppData\Local\Packages\PythonSoftwareFoundation.Python.3.12_qbz5n2kfra8p0\LocalCache\local-packages\Python312\site-packages\pandas\io\parsers\readers.py", line 1026, in read_csv
    return _read(filepath_or_buffer, kwds)
           ^^^^^^^^^^^^^^^^^^^^^^^^^^^^^^^
  File "C:\Users\lwilker\AppData\Local\Packages\PythonSoftwareFoundation.Python.3.12_qbz5n2kfra8p0\LocalCache\local-packages\Python312\site-packages\pandas\io\parsers\readers.py", line 620, in _read
    parser = TextFileReader(filepath_or_buffer, **kwds)
             ^^^^^^^^^^^^^^^^^^^^^^^^^^^^^^^^^^^^^^^^^^
  File "C:\Users\lwilker\AppData\Local\Packages\PythonSoftwareFoundation.Python.3.12_qbz5n2kfra8p0\LocalCache\local-packages\Python312\site-packages\pandas\io\parsers\readers.py", line 1620, in __init__
    self._engine = self._make_engine(f, self.engine)
                   ^^^^^^^^^^^^^^^^^^^^^^^^^^^^^^^^^
  File "C:\Users\lwilker\AppData\Local\Packages\PythonSoftwareFoundation.Python.3.12_qbz5n2kfra8p0\LocalCache\local-packages\Python312\site-packages\pandas\io\parsers\readers.py", line 1898, in _make_engine
    return mapping[engine](f, **self.options)
           ^^^^^^^^^^^^^^^^^^^^^^^^^^^^^^^^^^
  File "C:\Users\lwilker\AppData\Local\Packages\PythonSoftwareFoundation.Python.3.12_qbz5n2kfra8p0\LocalCache\local-packages\Python312\site-packages\pandas\io\parsers\c_parser_wrapper.py", line 93, in __init__
    self._reader = parsers.TextReader(src, **kwds)
                   ^^^^^^^^^^^^^^^^^^^^^^^^^^^^^^^
  File "parsers.pyx", line 581, in pandas._libs.parsers.TextReader.__cinit__
pandas.errors.EmptyDataError: No columns to parse from file

[2026-09-24T09:52:53.204641Z] Uncaught exception
Traceback (most recent call last):
  File "C:\Users\lwilker\Documents\GitHub\SWERVE\info.py", line 683, in <module>
    info_df = pd.read_csv(CONFIG['files']['info'])
              ^^^^^^^^^^^^^^^^^^^^^^^^^^^^^^^^^^^^
  File "C:\Users\lwilker\AppData\Local\Packages\PythonSoftwareFoundation.Python.3.12_qbz5n2kfra8p0\LocalCache\local-packages\Python312\site-packages\pandas\io\parsers\readers.py", line 1026, in read_csv
    return _read(filepath_or_buffer, kwds)
           ^^^^^^^^^^^^^^^^^^^^^^^^^^^^^^^
  File "C:\Users\lwilker\AppData\Local\Packages\PythonSoftwareFoundation.Python.3.12_qbz5n2kfra8p0\LocalCache\local-packages\Python312\site-packages\pandas\io\parsers\readers.py", line 620, in _read
    parser = TextFileReader(filepath_or_buffer, **kwds)
             ^^^^^^^^^^^^^^^^^^^^^^^^^^^^^^^^^^^^^^^^^^
  File "C:\Users\lwilker\AppData\Local\Packages\PythonSoftwareFoundation.Python.3.12_qbz5n2kfra8p0\LocalCache\local-packages\Python312\site-packages\pandas\io\parsers\readers.py", line 1620, in __init__
    self._engine = self._make_engine(f, self.engine)
                   ^^^^^^^^^^^^^^^^^^^^^^^^^^^^^^^^^
  File "C:\Users\lwilker\AppData\Local\Packages\PythonSoftwareFoundation.Python.3.12_qbz5n2kfra8p0\LocalCache\local-packages\Python312\site-packages\pandas\io\parsers\readers.py", line 1898, in _make_engine
    return mapping[engine](f, **self.options)
           ^^^^^^^^^^^^^^^^^^^^^^^^^^^^^^^^^^
  File "C:\Users\lwilker\AppData\Local\Packages\PythonSoftwareFoundation.Python.3.12_qbz5n2kfra8p0\LocalCache\local-packages\Python312\site-packages\pandas\io\parsers\c_parser_wrapper.py", line 93, in __init__
    self._reader = parsers.TextReader(src, **kwds)
                   ^^^^^^^^^^^^^^^^^^^^^^^^^^^^^^^
  File "parsers.pyx", line 581, in pandas._libs.parsers.TextReader.__cinit__
pandas.errors.EmptyDataError: No columns to parse from file

[2026-09-24T09:52:53.208610Z] Uncaught exception
Traceback (most recent call last):
  File "C:\Users\lwilker\Documents\GitHub\SWERVE\info.py", line 683, in <module>
    info_df = pd.read_csv(CONFIG['files']['info'])
              ^^^^^^^^^^^^^^^^^^^^^^^^^^^^^^^^^^^^
  File "C:\Users\lwilker\AppData\Local\Packages\PythonSoftwareFoundation.Python.3.12_qbz5n2kfra8p0\LocalCache\local-packages\Python312\site-packages\pandas\io\parsers\readers.py", line 1026, in read_csv
    return _read(filepath_or_buffer, kwds)
           ^^^^^^^^^^^^^^^^^^^^^^^^^^^^^^^
  File "C:\Users\lwilker\AppData\Local\Packages\PythonSoftwareFoundation.Python.3.12_qbz5n2kfra8p0\LocalCache\local-packages\Python312\site-packages\pandas\io\parsers\readers.py", line 620, in _read
    parser = TextFileReader(filepath_or_buffer, **kwds)
             ^^^^^^^^^^^^^^^^^^^^^^^^^^^^^^^^^^^^^^^^^^
  File "C:\Users\lwilker\AppData\Local\Packages\PythonSoftwareFoundation.Python.3.12_qbz5n2kfra8p0\LocalCache\local-packages\Python312\site-packages\pandas\io\parsers\readers.py", line 1620, in __init__
    self._engine = self._make_engine(f, self.engine)
                   ^^^^^^^^^^^^^^^^^^^^^^^^^^^^^^^^^
  File "C:\Users\lwilker\AppData\Local\Packages\PythonSoftwareFoundation.Python.3.12_qbz5n2kfra8p0\LocalCache\local-packages\Python312\site-packages\pandas\io\parsers\readers.py", line 1898, in _make_engine
    return mapping[engine](f, **self.options)
           ^^^^^^^^^^^^^^^^^^^^^^^^^^^^^^^^^^
  File "C:\Users\lwilker\AppData\Local\Packages\PythonSoftwareFoundation.Python.3.12_qbz5n2kfra8p0\LocalCache\local-packages\Python312\site-packages\pandas\io\parsers\c_parser_wrapper.py", line 93, in __init__
    self._reader = parsers.TextReader(src, **kwds)
                   ^^^^^^^^^^^^^^^^^^^^^^^^^^^^^^^
  File "parsers.pyx", line 581, in pandas._libs.parsers.TextReader.__cinit__
pandas.errors.EmptyDataError: No columns to parse from file

[2026-09-24T10:00:55.812185Z] Uncaught exception
Traceback (most recent call last):
  File "C:\Users\lwilker\Documents\GitHub\SWERVE\info.py", line 679, in <module>
    write_info_csv()
  File "C:\Users\lwilker\Documents\GitHub\SWERVE\swerve\write_info_csv.py", line 172, in write_info_csv
    event_sids = [file.name[:3] for file in os.listdir(event_dir).iterdir() if file.is_file()]
                                            ^^^^^^^^^^^^^^^^^^^^^^^^^^^^^
AttributeError: 'list' object has no attribute 'iterdir'

[2026-09-24T10:00:55.812185Z] Uncaught exception
Traceback (most recent call last):
  File "C:\Users\lwilker\Documents\GitHub\SWERVE\info.py", line 679, in <module>
    write_info_csv()
  File "C:\Users\lwilker\Documents\GitHub\SWERVE\swerve\write_info_csv.py", line 172, in write_info_csv
    event_sids = [file.name[:3] for file in os.listdir(event_dir).iterdir() if file.is_file()]
                                            ^^^^^^^^^^^^^^^^^^^^^^^^^^^^^
AttributeError: 'list' object has no attribute 'iterdir'

[2026-09-24T10:01:25.693871Z] Uncaught exception
Traceback (most recent call last):
  File "C:\Users\lwilker\Documents\GitHub\SWERVE\info.py", line 679, in <module>
    write_info_csv()
  File "C:\Users\lwilker\Documents\GitHub\SWERVE\swerve\write_info_csv.py", line 172, in write_info_csv
    event_sids = [file.name[:3] for file in event_dir.iterdir() if file.is_file()]
                                            ^^^^^^^^^^^^^^^^^
AttributeError: 'str' object has no attribute 'iterdir'

[2026-09-24T10:01:25.700006Z] Uncaught exception
Traceback (most recent call last):
  File "C:\Users\lwilker\Documents\GitHub\SWERVE\info.py", line 679, in <module>
    write_info_csv()
  File "C:\Users\lwilker\Documents\GitHub\SWERVE\swerve\write_info_csv.py", line 172, in write_info_csv
    event_sids = [file.name[:3] for file in event_dir.iterdir() if file.is_file()]
                                            ^^^^^^^^^^^^^^^^^
AttributeError: 'str' object has no attribute 'iterdir'

[2026-09-24T10:01:54.593961Z] Uncaught exception
Traceback (most recent call last):
  File "C:\Users\lwilker\Documents\GitHub\SWERVE\info.py", line 679, in <module>
    write_info_csv()
  File "C:\Users\lwilker\Documents\GitHub\SWERVE\swerve\write_info_csv.py", line 172, in write_info_csv
    event_sids = [file.name[:3] for file in os.path.join(event_dir).iterdir() if file.is_file()]
                                            ^^^^^^^^^^^^^^^^^^^^^^^^^^^^^^^
AttributeError: 'str' object has no attribute 'iterdir'

[2026-09-24T10:01:54.598301Z] Uncaught exception
Traceback (most recent call last):
  File "C:\Users\lwilker\Documents\GitHub\SWERVE\info.py", line 679, in <module>
    write_info_csv()
  File "C:\Users\lwilker\Documents\GitHub\SWERVE\swerve\write_info_csv.py", line 172, in write_info_csv
    event_sids = [file.name[:3] for file in os.path.join(event_dir).iterdir() if file.is_file()]
                                            ^^^^^^^^^^^^^^^^^^^^^^^^^^^^^^^
AttributeError: 'str' object has no attribute 'iterdir'

